Archive member included to satisfy reference by file (symbol)

c:/program files (x86)/atmel/studio/7.0/toolchain/arm/arm-gnu-toolchain/bin/../lib/gcc/arm-none-eabi/6.3.1/thumb/v7e-m\libgcc.a(_aeabi_uldivmod.o)
                              src/camera.o (__aeabi_uldivmod)
c:/program files (x86)/atmel/studio/7.0/toolchain/arm/arm-gnu-toolchain/bin/../lib/gcc/arm-none-eabi/6.3.1/thumb/v7e-m\libgcc.a(_udivmoddi4.o)
                              c:/program files (x86)/atmel/studio/7.0/toolchain/arm/arm-gnu-toolchain/bin/../lib/gcc/arm-none-eabi/6.3.1/thumb/v7e-m\libgcc.a(_aeabi_uldivmod.o) (__udivmoddi4)
c:/program files (x86)/atmel/studio/7.0/toolchain/arm/arm-gnu-toolchain/bin/../lib/gcc/arm-none-eabi/6.3.1/thumb/v7e-m\libgcc.a(_dvmd_tls.o)
                              c:/program files (x86)/atmel/studio/7.0/toolchain/arm/arm-gnu-toolchain/bin/../lib/gcc/arm-none-eabi/6.3.1/thumb/v7e-m\libgcc.a(_aeabi_uldivmod.o) (__aeabi_ldiv0)
c:/program files (x86)/atmel/studio/7.0/toolchain/arm/arm-gnu-toolchain/bin/../lib/gcc/arm-none-eabi/6.3.1/../../../../arm-none-eabi/lib/thumb/v7e-m\libc.a(lib_a-exit.o)
                              c:/program files (x86)/atmel/studio/7.0/toolchain/arm/arm-gnu-toolchain/bin/../lib/gcc/arm-none-eabi/6.3.1/../../../../arm-none-eabi/lib/thumb/v7e-m/crt0.o (exit)
c:/program files (x86)/atmel/studio/7.0/toolchain/arm/arm-gnu-toolchain/bin/../lib/gcc/arm-none-eabi/6.3.1/../../../../arm-none-eabi/lib/thumb/v7e-m\libc.a(lib_a-impure.o)
                              c:/program files (x86)/atmel/studio/7.0/toolchain/arm/arm-gnu-toolchain/bin/../lib/gcc/arm-none-eabi/6.3.1/../../../../arm-none-eabi/lib/thumb/v7e-m\libc.a(lib_a-exit.o) (_global_impure_ptr)
c:/program files (x86)/atmel/studio/7.0/toolchain/arm/arm-gnu-toolchain/bin/../lib/gcc/arm-none-eabi/6.3.1/../../../../arm-none-eabi/lib/thumb/v7e-m\libc.a(lib_a-init.o)
                              c:/program files (x86)/atmel/studio/7.0/toolchain/arm/arm-gnu-toolchain/bin/../lib/gcc/arm-none-eabi/6.3.1/../../../../arm-none-eabi/lib/thumb/v7e-m/crt0.o (__libc_init_array)
c:/program files (x86)/atmel/studio/7.0/toolchain/arm/arm-gnu-toolchain/bin/../lib/gcc/arm-none-eabi/6.3.1/../../../../arm-none-eabi/lib/thumb/v7e-m\libc.a(lib_a-memset.o)
                              c:/program files (x86)/atmel/studio/7.0/toolchain/arm/arm-gnu-toolchain/bin/../lib/gcc/arm-none-eabi/6.3.1/../../../../arm-none-eabi/lib/thumb/v7e-m/crt0.o (memset)
c:/program files (x86)/atmel/studio/7.0/toolchain/arm/arm-gnu-toolchain/bin/../lib/gcc/arm-none-eabi/6.3.1/../../../../arm-none-eabi/lib/thumb/v7e-m\libc.a(lib_a-sprintf.o)
                              src/wifi.o (sprintf)
c:/program files (x86)/atmel/studio/7.0/toolchain/arm/arm-gnu-toolchain/bin/../lib/gcc/arm-none-eabi/6.3.1/../../../../arm-none-eabi/lib/thumb/v7e-m\libc.a(lib_a-strstr.o)
                              src/wifi.o (strstr)
c:/program files (x86)/atmel/studio/7.0/toolchain/arm/arm-gnu-toolchain/bin/../lib/gcc/arm-none-eabi/6.3.1/../../../../arm-none-eabi/lib/thumb/v7e-m\libc.a(lib_a-svfprintf.o)
                              c:/program files (x86)/atmel/studio/7.0/toolchain/arm/arm-gnu-toolchain/bin/../lib/gcc/arm-none-eabi/6.3.1/../../../../arm-none-eabi/lib/thumb/v7e-m\libc.a(lib_a-sprintf.o) (_svfprintf_r)
c:/program files (x86)/atmel/studio/7.0/toolchain/arm/arm-gnu-toolchain/bin/../lib/gcc/arm-none-eabi/6.3.1/../../../../arm-none-eabi/lib/thumb/v7e-m\libc.a(lib_a-__call_atexit.o)
                              c:/program files (x86)/atmel/studio/7.0/toolchain/arm/arm-gnu-toolchain/bin/../lib/gcc/arm-none-eabi/6.3.1/../../../../arm-none-eabi/lib/thumb/v7e-m\libc.a(lib_a-exit.o) (__call_exitprocs)
c:/program files (x86)/atmel/studio/7.0/toolchain/arm/arm-gnu-toolchain/bin/../lib/gcc/arm-none-eabi/6.3.1/../../../../arm-none-eabi/lib/thumb/v7e-m\libc.a(lib_a-atexit.o)
                              c:/program files (x86)/atmel/studio/7.0/toolchain/arm/arm-gnu-toolchain/bin/../lib/gcc/arm-none-eabi/6.3.1/../../../../arm-none-eabi/lib/thumb/v7e-m\libc.a(lib_a-__call_atexit.o) (atexit)
c:/program files (x86)/atmel/studio/7.0/toolchain/arm/arm-gnu-toolchain/bin/../lib/gcc/arm-none-eabi/6.3.1/../../../../arm-none-eabi/lib/thumb/v7e-m\libc.a(lib_a-dtoa.o)
                              c:/program files (x86)/atmel/studio/7.0/toolchain/arm/arm-gnu-toolchain/bin/../lib/gcc/arm-none-eabi/6.3.1/../../../../arm-none-eabi/lib/thumb/v7e-m\libc.a(lib_a-svfprintf.o) (_dtoa_r)
c:/program files (x86)/atmel/studio/7.0/toolchain/arm/arm-gnu-toolchain/bin/../lib/gcc/arm-none-eabi/6.3.1/../../../../arm-none-eabi/lib/thumb/v7e-m\libc.a(lib_a-fini.o)
                              c:/program files (x86)/atmel/studio/7.0/toolchain/arm/arm-gnu-toolchain/bin/../lib/gcc/arm-none-eabi/6.3.1/../../../../arm-none-eabi/lib/thumb/v7e-m\libc.a(lib_a-__call_atexit.o) (__libc_fini_array)
[...]
Memory Configuration

Name             Origin             Length             Attributes
rom              0x00400000         0x00080000         xr
ram              0x20000000         0x00020000         xrw
*default*        0x00000000         0xffffffff

Linker script and memory map

LOAD c:/program files (x86)/atmel/studio/7.0/toolchain/arm/arm-gnu-toolchain/bin/../lib/gcc/arm-none-eabi/6.3.1/thumb/v7e-m/crti.o
LOAD c:/program files (x86)/atmel/studio/7.0/toolchain/arm/arm-gnu-toolchain/bin/../lib/gcc/arm-none-eabi/6.3.1/thumb/v7e-m/crtbegin.o
LOAD c:/program files (x86)/atmel/studio/7.0/toolchain/arm/arm-gnu-toolchain/bin/../lib/gcc/arm-none-eabi/6.3.1/../../../../arm-none-eabi/lib/thumb/v7e-m/crt0.o
LOAD src/ASF/common/utils/stdio/read.o
LOAD src/ASF/common/utils/stdio/write.o
LOAD src/ASF/sam/drivers/tc/tc.o
LOAD src/ASF/sam/drivers/twi/twi.o
LOAD src/ASF/sam/drivers/usart/usart.o
LOAD src/ASF/common/services/serial/usart_serial.o
LOAD src/ASF/sam/drivers/uart/uart.o
LOAD src/ASF/common/services/delay/sam/cycle_counter.o
LOAD src/ASF/sam/drivers/pio/pio_handler.o
LOAD src/ASF/sam/drivers/wdt/wdt.o
LOAD src/ASF/common/services/clock/sam4s/sysclk.o
LOAD src/ASF/sam/drivers/pio/pio.o
LOAD src/ASF/sam/drivers/pmc/pmc.o
LOAD src/ASF/sam/drivers/pmc/sleep.o
LOAD src/camera.o
LOAD src/ov2640.o
LOAD src/ov2640_table_registers.o
LOAD src/timer_interface.o
LOAD src/wifi.o
LOAD src/ASF/common/boards/user_board/init.o
LOAD src/ASF/common/utils/interrupt/interrupt_sam_nvic.o
LOAD src/ASF/sam/utils/cmsis/sam4s/source/templates/gcc/startup_sam4s.o
LOAD src/ASF/sam/utils/cmsis/sam4s/source/templates/system_sam4s.o
LOAD src/ASF/sam/utils/syscalls/gcc/syscalls.o
LOAD src/main.o
START GROUP
LOAD ../src/ASF/thirdparty/CMSIS/Lib/GCC\libarm_cortexM4l_math.a
LOAD c:/program files (x86)/atmel/studio/7.0/toolchain/arm/arm-gnu-toolchain/bin/../lib/gcc/arm-none-eabi/6.3.1/../../../../arm-none-eabi/lib/thumb/v7e-m\libm.a
END GROUP
START GROUP
LOAD c:/program files (x86)/atmel/studio/7.0/toolchain/arm/arm-gnu-toolchain/bin/../lib/gcc/arm-none-eabi/6.3.1/thumb/v7e-m\libgcc.a
LOAD c:/program files (x86)/atmel/studio/7.0/toolchain/arm/arm-gnu-toolchain/bin/../lib/gcc/arm-none-eabi/6.3.1/../../../../arm-none-eabi/lib/thumb/v7e-m\libc.a
END GROUP
LOAD c:/program files (x86)/atmel/studio/7.0/toolchain/arm/arm-gnu-toolchain/bin/../lib/gcc/arm-none-eabi/6.3.1/thumb/v7e-m/crtend.o
LOAD c:/program files (x86)/atmel/studio/7.0/toolchain/arm/arm-gnu-toolchain/bin/../lib/gcc/arm-none-eabi/6.3.1/thumb/v7e-m/crtn.o
                0x00003000                __stack_size__ = DEFINED (__stack_size__)?__stack_size__:0x3000
                0x2001fffc                __ram_end__ = ((ORIGIN (ram) + LENGTH (ram)) - 0x4)

.text           0x00400000     0x9264
                0x00400000                . = ALIGN (0x4)
                0x00400000                _sfixed = .
 *(.vectors .vectors.*)
 .vectors       0x00400000       0xcc src/ASF/sam/utils/cmsis/sam4s/source/templates/gcc/startup_sam4s.o
                0x00400000                exception_table
 *(.text .text.* .gnu.linkonce.t.*)
 .text          0x004000cc       0x6c c:/program files (x86)/atmel/studio/7.0/toolchain/arm/arm-gnu-toolchain/bin/../lib/gcc/arm-none-eabi/6.3.1/thumb/v7e-m/crtbegin.o
 .text.tc_init  0x00400138       0x38 src/ASF/sam/drivers/tc/tc.o
                0x00400138                tc_init
 .text.tc_start
                0x00400170       0x20 src/ASF/sam/drivers/tc/tc.o
                0x00400170                tc_start
 .text.tc_write_rc
                0x00400190       0x24 src/ASF/sam/drivers/tc/tc.o
                0x00400190                tc_write_rc
 .text.tc_enable_interrupt
                0x004001b4       0x26 src/ASF/sam/drivers/tc/tc.o
                0x004001b4                tc_enable_interrupt
 .text.tc_get_status
                0x004001da       0x22 src/ASF/sam/drivers/tc/tc.o
                0x004001da                tc_get_status
 .text.tc_find_mck_divisor
                0x004001fc       0xa4 src/ASF/sam/drivers/tc/tc.o
                0x004001fc                tc_find_mck_divisor
 .text.twi_enable_master_mode
                0x004002a0       0x24 src/ASF/sam/drivers/twi/twi.o
                0x004002a0                twi_enable_master_mode
 .text.twi_master_init
                0x004002c4       0x64 src/ASF/sam/drivers/twi/twi.o
                0x004002c4                twi_master_init
 .text.twi_set_speed
                0x00400328       0xf4 src/ASF/sam/drivers/twi/twi.o
                0x00400328                twi_set_speed
 .text.twi_mk_addr
                0x0040041c       0x5a src/ASF/sam/drivers/twi/twi.o
                0x0040041c                twi_mk_addr
 *fill*         0x00400476        0x2 
 .text.twi_master_read
                0x00400478      0x10c src/ASF/sam/drivers/twi/twi.o
                0x00400478                twi_master_read
 .text.twi_master_write
                0x00400584       0xdc src/ASF/sam/drivers/twi/twi.o
                0x00400584                twi_master_write
 .text.twi_reset
                0x00400660       0x1c src/ASF/sam/drivers/twi/twi.o
                0x00400660                twi_reset
 .text.usart_set_async_baudrate
                0x0040067c       0x88 src/ASF/sam/drivers/usart/usart.o
                0x0040067c                usart_set_async_baudrate
 .text.usart_reset
                0x00400704       0x60 src/ASF/sam/drivers/usart/usart.o
                0x00400704                usart_reset
 .text.usart_init_rs232
                0x00400764       0x84 src/ASF/sam/drivers/usart/usart.o
                0x00400764                usart_init_rs232
 .text.usart_init_hw_handshaking
                0x004007e8       0x40 src/ASF/sam/drivers/usart/usart.o
                0x004007e8                usart_init_hw_handshaking
 .text.usart_enable_tx
                0x00400828       0x18 src/ASF/sam/drivers/usart/usart.o
                0x00400828                usart_enable_tx
 .text.usart_reset_tx
                0x00400840       0x18 src/ASF/sam/drivers/usart/usart.o
                0x00400840                usart_reset_tx
 .text.usart_enable_rx
                0x00400858       0x18 src/ASF/sam/drivers/usart/usart.o
                0x00400858                usart_enable_rx
 .text.usart_reset_rx
                0x00400870       0x18 src/ASF/sam/drivers/usart/usart.o
                0x00400870                usart_reset_rx
 .text.usart_enable_interrupt
                0x00400888       0x1a src/ASF/sam/drivers/usart/usart.o
                0x00400888                usart_enable_interrupt
 .text.usart_disable_interrupt
                0x004008a2       0x1a src/ASF/sam/drivers/usart/usart.o
                0x004008a2                usart_disable_interrupt
 .text.usart_get_status
                0x004008bc       0x16 src/ASF/sam/drivers/usart/usart.o
                0x004008bc                usart_get_status
 .text.usart_reset_status
                0x004008d2       0x1a src/ASF/sam/drivers/usart/usart.o
                0x004008d2                usart_reset_status
 .text.usart_drive_DTR_pin_high
                0x004008ec       0x1a src/ASF/sam/drivers/usart/usart.o
                0x004008ec                usart_drive_DTR_pin_high
 .text.usart_drive_RTS_pin_high
                0x00400906       0x1a src/ASF/sam/drivers/usart/usart.o
                0x00400906                usart_drive_RTS_pin_high
 .text.usart_putchar
                0x00400920       0x2e src/ASF/sam/drivers/usart/usart.o
                0x00400920                usart_putchar
 *fill*         0x0040094e        0x2 
 .text.usart_write_line
                0x00400950       0x30 src/ASF/sam/drivers/usart/usart.o
                0x00400950                usart_write_line
 .text.usart_read
                0x00400980       0x32 src/ASF/sam/drivers/usart/usart.o
                0x00400980                usart_read
 *fill*         0x004009b2        0x2 
 .text.usart_disable_writeprotect
                0x004009b4       0x20 src/ASF/sam/drivers/usart/usart.o
                0x004009b4                usart_disable_writeprotect
 .text.pio_handler_process
                0x004009d4       0xd4 src/ASF/sam/drivers/pio/pio_handler.o
                0x004009d4                pio_handler_process
 .text.pio_handler_set
                0x00400aa8       0xa0 src/ASF/sam/drivers/pio/pio_handler.o
                0x00400aa8                pio_handler_set
 .text.PIOA_Handler
                0x00400b48       0x18 src/ASF/sam/drivers/pio/pio_handler.o
                0x00400b48                PIOA_Handler
 .text.PIOB_Handler
                0x00400b60       0x18 src/ASF/sam/drivers/pio/pio_handler.o
                0x00400b60                PIOB_Handler
 .text.wdt_disable
                0x00400b78       0x1a src/ASF/sam/drivers/wdt/wdt.o
                0x00400b78                wdt_disable
 *fill*         0x00400b92        0x2 
 .text.osc_enable
                0x00400b94       0x88 src/ASF/common/services/clock/sam4s/sysclk.o
 .text.osc_is_ready
                0x00400c1c       0x70 src/ASF/common/services/clock/sam4s/sysclk.o
 .text.osc_get_rate
                0x00400c8c       0x74 src/ASF/common/services/clock/sam4s/sysclk.o
 .text.osc_wait_ready
                0x00400d00       0x2c src/ASF/common/services/clock/sam4s/sysclk.o
 .text.pll_config_init
                0x00400d2c       0x54 src/ASF/common/services/clock/sam4s/sysclk.o
 .text.pll_enable
                0x00400d80       0x44 src/ASF/common/services/clock/sam4s/sysclk.o
 .text.pll_is_locked
                0x00400dc4       0x2c src/ASF/common/services/clock/sam4s/sysclk.o
 .text.pll_enable_source
                0x00400df0       0x38 src/ASF/common/services/clock/sam4s/sysclk.o
 .text.pll_wait_for_lock
                0x00400e28       0x24 src/ASF/common/services/clock/sam4s/sysclk.o
 .text.sysclk_get_main_hz
                0x00400e4c       0x1c src/ASF/common/services/clock/sam4s/sysclk.o
 .text.sysclk_get_cpu_hz
                0x00400e68       0x14 src/ASF/common/services/clock/sam4s/sysclk.o
 .text.sysclk_init
                0x00400e7c       0x70 src/ASF/common/services/clock/sam4s/sysclk.o
                0x00400e7c                sysclk_init
 .text.pio_pull_up
                0x00400eec       0x2a src/ASF/sam/drivers/pio/pio.o
                0x00400eec                pio_pull_up
 .text.pio_set_debounce_filter
                0x00400f16       0x36 src/ASF/sam/drivers/pio/pio.o
                0x00400f16                pio_set_debounce_filter
 .text.pio_set_peripheral
                0x00400f4c      0x10e src/ASF/sam/drivers/pio/pio.o
                0x00400f4c                pio_set_peripheral
 *fill*         0x0040105a        0x2 
 .text.pio_set_input
                0x0040105c       0x80 src/ASF/sam/drivers/pio/pio.o
                0x0040105c                pio_set_input
 .text.pio_set_output
                0x004010dc       0x64 src/ASF/sam/drivers/pio/pio.o
                0x004010dc                pio_set_output
 .text.pio_configure_interrupt
                0x00401140       0x6a src/ASF/sam/drivers/pio/pio.o
                0x00401140                pio_configure_interrupt
 .text.pio_enable_interrupt
                0x004011aa       0x1a src/ASF/sam/drivers/pio/pio.o
                0x004011aa                pio_enable_interrupt
 .text.pio_disable_interrupt
                0x004011c4       0x1a src/ASF/sam/drivers/pio/pio.o
                0x004011c4                pio_disable_interrupt
 .text.pio_get_interrupt_status
                0x004011de       0x16 src/ASF/sam/drivers/pio/pio.o
                0x004011de                pio_get_interrupt_status
 .text.pio_get_interrupt_mask
                0x004011f4       0x16 src/ASF/sam/drivers/pio/pio.o
                0x004011f4                pio_get_interrupt_mask
 *fill*         0x0040120a        0x2 
 .text.pio_configure_pin
                0x0040120c      0x1b0 src/ASF/sam/drivers/pio/pio.o
                0x0040120c                pio_configure_pin
 .text.pio_get_pin_group
                0x004013bc       0x24 src/ASF/sam/drivers/pio/pio.o
                0x004013bc                pio_get_pin_group
 .text.pio_capture_enable
                0x004013e0       0x2c src/ASF/sam/drivers/pio/pio.o
                0x004013e0                pio_capture_enable
 .text.pio_capture_disable
                0x0040140c       0x2c src/ASF/sam/drivers/pio/pio.o
                0x0040140c                pio_capture_disable
 .text.pmc_switch_mck_to_pllack
                0x00401438       0x80 src/ASF/sam/drivers/pmc/pmc.o
                0x00401438                pmc_switch_mck_to_pllack
 .text.pmc_switch_sclk_to_32kxtal
                0x004014b8       0x38 src/ASF/sam/drivers/pmc/pmc.o
                0x004014b8                pmc_switch_sclk_to_32kxtal
 .text.pmc_osc_is_ready_32kxtal
                0x004014f0       0x34 src/ASF/sam/drivers/pmc/pmc.o
                0x004014f0                pmc_osc_is_ready_32kxtal
 .text.pmc_switch_mainck_to_fastrc
                0x00401524       0x70 src/ASF/sam/drivers/pmc/pmc.o
                0x00401524                pmc_switch_mainck_to_fastrc
 .text.pmc_switch_mainck_to_xtal
                0x00401594       0x78 src/ASF/sam/drivers/pmc/pmc.o
                0x00401594                pmc_switch_mainck_to_xtal
 .text.pmc_osc_is_ready_mainck
                0x0040160c       0x18 src/ASF/sam/drivers/pmc/pmc.o
                0x0040160c                pmc_osc_is_ready_mainck
 .text.pmc_disable_pllack
                0x00401624       0x18 src/ASF/sam/drivers/pmc/pmc.o
                0x00401624                pmc_disable_pllack
 .text.pmc_is_locked_pllack
                0x0040163c       0x18 src/ASF/sam/drivers/pmc/pmc.o
                0x0040163c                pmc_is_locked_pllack
 .text.pmc_enable_pllbck
                0x00401654       0x50 src/ASF/sam/drivers/pmc/pmc.o
                0x00401654                pmc_enable_pllbck
 .text.pmc_disable_pllbck
                0x004016a4       0x18 src/ASF/sam/drivers/pmc/pmc.o
                0x004016a4                pmc_disable_pllbck
 .text.pmc_is_locked_pllbck
                0x004016bc       0x18 src/ASF/sam/drivers/pmc/pmc.o
                0x004016bc                pmc_is_locked_pllbck
 .text.pmc_enable_periph_clk
                0x004016d4       0x80 src/ASF/sam/drivers/pmc/pmc.o
                0x004016d4                pmc_enable_periph_clk
 .text.__NVIC_EnableIRQ
                0x00401754       0x38 src/camera.o
 .text.__NVIC_DisableIRQ
                0x0040178c       0x44 src/camera.o
 .text.__NVIC_ClearPendingIRQ
                0x004017d0       0x3c src/camera.o
 .text.__NVIC_SetPriority
                0x0040180c       0x54 src/camera.o
 .text.osc_get_rate
                0x00401860       0x74 src/camera.o
 .text.sysclk_get_main_hz
                0x004018d4       0x1c src/camera.o
 .text.sysclk_get_cpu_hz
                0x004018f0       0x14 src/camera.o
 .text.vsync_handler
                0x00401904       0x20 src/camera.o
                0x00401904                vsync_handler
 .text.init_vsync_interrupts
                0x00401924       0x50 src/camera.o
                0x00401924                init_vsync_interrupts
 .text.pio_capture_init
                0x00401974       0x7c src/camera.o
                0x00401974                pio_capture_init
 .text.pio_capture_to_buffer
                0x004019f0       0x66 src/camera.o
                0x004019f0                pio_capture_to_buffer
 *fill*         0x00401a56        0x2 
 .text.init_camera
                0x00401a58       0xb8 src/camera.o
                0x00401a58                init_camera
 .text.configure_twi
                0x00401b10       0x80 src/camera.o
                0x00401b10                configure_twi
 .text.configure_camera
                0x00401b90       0xd4 src/camera.o
                0x00401b90                configure_camera
 .text.start_capture
                0x00401c64       0x88 src/camera.o
                0x00401c64                start_capture
 .text.find_image_len
                0x00401cec       0xcc src/camera.o
                0x00401cec                find_image_len
 .text.osc_get_rate
                0x00401db8       0x74 src/ov2640.o
 .text.sysclk_get_main_hz
                0x00401e2c       0x1c src/ov2640.o
 .text.sysclk_get_cpu_hz
                0x00401e48       0x14 src/ov2640.o
 .text.ov_id    0x00401e5c       0x70 src/ov2640.o
 .text.ov_manufacturer
                0x00401ecc       0x78 src/ov2640.o
 .text.ov_test_write
                0x00401f44       0xb0 src/ov2640.o
 .text.ov_read_reg
                0x00401ff4       0x24 src/ov2640.o
                0x00401ff4                ov_read_reg
 .text.ov_write_reg
                0x00402018       0x24 src/ov2640.o
                0x00402018                ov_write_reg
 .text.ov_write_regs
                0x0040203c       0xd4 src/ov2640.o
                0x0040203c                ov_write_regs
 .text.ov_init  0x00402110       0x8c src/ov2640.o
                0x00402110                ov_init
 .text.ov_configure
                0x0040219c      0x13c src/ov2640.o
                0x0040219c                ov_configure
 .text.__NVIC_EnableIRQ
                0x004022d8       0x38 src/timer_interface.o
 .text.osc_get_rate
                0x00402310       0x74 src/timer_interface.o
 .text.sysclk_get_main_hz
                0x00402384       0x1c src/timer_interface.o
 .text.sysclk_get_cpu_hz
                0x004023a0       0x14 src/timer_interface.o
 .text.TC0_Handler
                0x004023b4       0x3c src/timer_interface.o
                0x004023b4                TC0_Handler
 .text.configure_tc
                0x004023f0       0x8c src/timer_interface.o
                0x004023f0                configure_tc
 .text.__NVIC_EnableIRQ
                0x0040247c       0x38 src/wifi.o
 .text.osc_get_rate
                0x004024b4       0x74 src/wifi.o
 .text.sysclk_get_main_hz
                0x00402528       0x1c src/wifi.o
 .text.sysclk_get_cpu_hz
                0x00402544       0x14 src/wifi.o
 .text.sysclk_get_peripheral_hz
                0x00402558       0x14 src/wifi.o
 .text.sysclk_enable_peripheral_clock
                0x0040256c       0x1c src/wifi.o
 .text.USART0_Handler
                0x00402588       0x48 src/wifi.o
                0x00402588                USART0_Handler
 .text.wifi_command_response_handler
                0x004025d0       0x50 src/wifi.o
                0x004025d0                wifi_command_response_handler
 .text.wifi_web_setup_handler
                0x00402620       0x20 src/wifi.o
                0x00402620                wifi_web_setup_handler
 .text.configure_usart_wifi
                0x00402640       0xb0 src/wifi.o
                0x00402640                configure_usart_wifi
 .text.configure_wifi_comm_pin
                0x004026f0       0x50 src/wifi.o
                0x004026f0                configure_wifi_comm_pin
 .text.configure_wifi_web_setup_pin
                0x00402740       0x58 src/wifi.o
                0x00402740                configure_wifi_web_setup_pin
 .text.process_incoming_byte_wifi
                0x00402798       0x2c src/wifi.o
                0x00402798                process_incoming_byte_wifi
 .text.process_data_wifi
                0x004027c4       0x74 src/wifi.o
                0x004027c4                process_data_wifi
 .text.write_wifi_command
                0x00402838       0x5c src/wifi.o
                0x00402838                write_wifi_command
 .text.write_image_to_file
                0x00402894      0x108 src/wifi.o
                0x00402894                write_image_to_file
 .text.sysclk_enable_peripheral_clock
                0x0040299c       0x1c src/ASF/common/boards/user_board/init.o
 .text.ioport_init
                0x004029b8       0x18 src/ASF/common/boards/user_board/init.o
 .text.ioport_set_pin_mode
                0x004029d0      0x11a src/ASF/common/boards/user_board/init.o
 .text.ioport_set_pin_dir
                0x00402aea       0x86 src/ASF/common/boards/user_board/init.o
 .text.ioport_set_pin_level
                0x00402b70       0x6a src/ASF/common/boards/user_board/init.o
 *fill*         0x00402bda        0x2 
 .text.board_init
                0x00402bdc       0x64 src/ASF/common/boards/user_board/init.o
                0x00402bdc                board_init
 .text.Reset_Handler
                0x00402c40       0xc8 src/ASF/sam/utils/cmsis/sam4s/source/templates/gcc/startup_sam4s.o
                0x00402c40                Reset_Handler
 .text.Dummy_Handler
                0x00402d08        0x6 src/ASF/sam/utils/cmsis/sam4s/source/templates/gcc/startup_sam4s.o
                0x00402d08                DACC_Handler
                0x00402d08                DebugMon_Handler
                0x00402d08                HardFault_Handler
                0x00402d08                TC2_Handler
                0x00402d08                SPI_Handler
                0x00402d08                SysTick_Handler
                0x00402d08                TWI1_Handler
                0x00402d08                PendSV_Handler
                0x00402d08                NMI_Handler
                0x00402d08                ADC_Handler
                0x00402d08                CRCCU_Handler
                0x00402d08                RTT_Handler
                0x00402d08                RTC_Handler
                0x00402d08                UsageFault_Handler
                0x00402d08                WDT_Handler
                0x00402d08                TC1_Handler
                0x00402d08                HSMCI_Handler
                0x00402d08                UART1_Handler
                0x00402d08                Dummy_Handler
                0x00402d08                TWI0_Handler
                0x00402d08                USART1_Handler
                0x00402d08                SSC_Handler
                0x00402d08                EFC0_Handler
                0x00402d08                ACC_Handler
                0x00402d08                PMC_Handler
                0x00402d08                PWM_Handler
                0x00402d08                MemManage_Handler
                0x00402d08                SUPC_Handler
                0x00402d08                SVC_Handler
                0x00402d08                UART0_Handler
                0x00402d08                UDP_Handler
                0x00402d08                BusFault_Handler
                0x00402d08                RSTC_Handler
 *fill*         0x00402d0e        0x2 
 .text.SystemCoreClockUpdate
                0x00402d10      0x198 src/ASF/sam/utils/cmsis/sam4s/source/templates/system_sam4s.o
                0x00402d10                SystemCoreClockUpdate
 .text.system_init_flash
                0x00402ea8       0x94 src/ASF/sam/utils/cmsis/sam4s/source/templates/system_sam4s.o
                0x00402ea8                system_init_flash
 .text._sbrk    0x00402f3c       0x58 src/ASF/sam/utils/syscalls/gcc/syscalls.o
                0x00402f3c                _sbrk
 .text.osc_get_rate
                0x00402f94       0x74 src/main.o
 .text.sysclk_get_main_hz
                0x00403008       0x1c src/main.o
 .text.sysclk_get_cpu_hz
                0x00403024       0x14 src/main.o
 .text.ioport_set_pin_level
                0x00403038       0x6a src/main.o
 .text.ioport_get_pin_level
                0x004030a2       0x4e src/main.o
 .text.main     0x004030f0      0x2c4 src/main.o
                0x004030f0                main
 .text          0x004033b4       0x30 c:/program files (x86)/atmel/studio/7.0/toolchain/arm/arm-gnu-toolchain/bin/../lib/gcc/arm-none-eabi/6.3.1/thumb/v7e-m\libgcc.a(_aeabi_uldivmod.o)
                0x004033b4                __aeabi_uldivmod
 .text          0x004033e4      0x2dc c:/program files (x86)/atmel/studio/7.0/toolchain/arm/arm-gnu-toolchain/bin/../lib/gcc/arm-none-eabi/6.3.1/thumb/v7e-m\libgcc.a(_udivmoddi4.o)
                0x004033e4                __udivmoddi4
 .text          0x004036c0        0x4 c:/program files (x86)/atmel/studio/7.0/toolchain/arm/arm-gnu-toolchain/bin/../lib/gcc/arm-none-eabi/6.3.1/thumb/v7e-m\libgcc.a(_dvmd_tls.o)
                0x004036c0                __aeabi_idiv0
                0x004036c0                __aeabi_ldiv0
 .text.__libc_init_array
                0x004036c4       0x50 c:/program files (x86)/atmel/studio/7.0/toolchain/arm/arm-gnu-toolchain/bin/../lib/gcc/arm-none-eabi/6.3.1/../../../../arm-none-eabi/lib/thumb/v7e-m\libc.a(lib_a-init.o)
                0x004036c4                __libc_init_array
 .text.memset   0x00403714       0x9c c:/program files (x86)/atmel/studio/7.0/toolchain/arm/arm-gnu-toolchain/bin/../lib/gcc/arm-none-eabi/6.3.1/../../../../arm-none-eabi/lib/thumb/v7e-m\libc.a(lib_a-memset.o)
                0x00403714                memset
 .text.sprintf  0x004037b0       0x4c c:/program files (x86)/atmel/studio/7.0/toolchain/arm/arm-gnu-toolchain/bin/../lib/gcc/arm-none-eabi/6.3.1/../../../../arm-none-eabi/lib/thumb/v7e-m\libc.a(lib_a-sprintf.o)
                0x004037b0                sprintf
 .text.critical_factorization
                0x004037fc       0xb4 c:/program files (x86)/atmel/studio/7.0/toolchain/arm/arm-gnu-toolchain/bin/../lib/gcc/arm-none-eabi/6.3.1/../../../../arm-none-eabi/lib/thumb/v7e-m\libc.a(lib_a-strstr.o)
 .text.two_way_long_needle
                0x004038b0      0x1fc c:/program files (x86)/atmel/studio/7.0/toolchain/arm/arm-gnu-toolchain/bin/../lib/gcc/arm-none-eabi/6.3.1/../../../../arm-none-eabi/lib/thumb/v7e-m\libc.a(lib_a-strstr.o)
 .text.strstr   0x00403aac      0x218 c:/program files (x86)/atmel/studio/7.0/toolchain/arm/arm-gnu-toolchain/bin/../lib/gcc/arm-none-eabi/6.3.1/../../../../arm-none-eabi/lib/thumb/v7e-m\libc.a(lib_a-strstr.o)
                0x00403aac                strstr
 .text._svfprintf_r
                0x00403cc4     0x145c c:/program files (x86)/atmel/studio/7.0/toolchain/arm/arm-gnu-toolchain/bin/../lib/gcc/arm-none-eabi/6.3.1/../../../../arm-none-eabi/lib/thumb/v7e-m\libc.a(lib_a-svfprintf.o)
                0x00403cc4                _svfprintf_r
 .text.startup.register_fini
                0x00405120       0x14 c:/program files (x86)/atmel/studio/7.0/toolchain/arm/arm-gnu-toolchain/bin/../lib/gcc/arm-none-eabi/6.3.1/../../../../arm-none-eabi/lib/thumb/v7e-m\libc.a(lib_a-__call_atexit.o)
 .text.atexit   0x00405134        0xc c:/program files (x86)/atmel/studio/7.0/toolchain/arm/arm-gnu-toolchain/bin/../lib/gcc/arm-none-eabi/6.3.1/../../../../arm-none-eabi/lib/thumb/v7e-m\libc.a(lib_a-atexit.o)
                0x00405134                atexit
 .text.quorem   0x00405140      0x128 c:/program files (x86)/atmel/studio/7.0/toolchain/arm/arm-gnu-toolchain/bin/../lib/gcc/arm-none-eabi/6.3.1/../../../../arm-none-eabi/lib/thumb/v7e-m\libc.a(lib_a-dtoa.o)
 .text._dtoa_r  0x00405268      0xe54 c:/program files (x86)/atmel/studio/7.0/toolchain/arm/arm-gnu-toolchain/bin/../lib/gcc/arm-none-eabi/6.3.1/../../../../arm-none-eabi/lib/thumb/v7e-m\libc.a(lib_a-dtoa.o)
                0x00405268                _dtoa_r
 .text.__libc_fini_array
                0x004060bc       0x34 c:/program files (x86)/atmel/studio/7.0/toolchain/arm/arm-gnu-toolchain/bin/../lib/gcc/arm-none-eabi/6.3.1/../../../../arm-none-eabi/lib/thumb/v7e-m\libc.a(lib_a-fini.o)
                0x004060bc                __libc_fini_array
 .text._localeconv_r
                0x004060f0       0x1c c:/program files (x86)/atmel/studio/7.0/toolchain/arm/arm-gnu-toolchain/bin/../lib/gcc/arm-none-eabi/6.3.1/../../../../arm-none-eabi/lib/thumb/v7e-m\libc.a(lib_a-localeconv.o)
                0x004060f0                _localeconv_r
 .text.__retarget_lock_acquire_recursive
                0x0040610c        0x4 c:/program files (x86)/atmel/studio/7.0/toolchain/arm/arm-gnu-toolchain/bin/../lib/gcc/arm-none-eabi/6.3.1/../../../../arm-none-eabi/lib/thumb/v7e-m\libc.a(lib_a-lock.o)
                0x0040610c                __retarget_lock_acquire_recursive
 .text.__retarget_lock_release_recursive
                0x00406110        0x4 c:/program files (x86)/atmel/studio/7.0/toolchain/arm/arm-gnu-toolchain/bin/../lib/gcc/arm-none-eabi/6.3.1/../../../../arm-none-eabi/lib/thumb/v7e-m\libc.a(lib_a-lock.o)
                0x00406110                __retarget_lock_release_recursive
 .text._malloc_r
                0x00406114      0x560 c:/program files (x86)/atmel/studio/7.0/toolchain/arm/arm-gnu-toolchain/bin/../lib/gcc/arm-none-eabi/6.3.1/../../../../arm-none-eabi/lib/thumb/v7e-m\libc.a(lib_a-mallocr.o)
                0x00406114                _malloc_r
 *fill*         0x00406674        0xc 
 .text          0x00406680       0xa0 c:/program files (x86)/atmel/studio/7.0/toolchain/arm/arm-gnu-toolchain/bin/../lib/gcc/arm-none-eabi/6.3.1/../../../../arm-none-eabi/lib/thumb/v7e-m\libc.a(lib_a-memchr.o)
                0x00406680                memchr
 .text.memcmp   0x00406720       0x60 c:/program files (x86)/atmel/studio/7.0/toolchain/arm/arm-gnu-toolchain/bin/../lib/gcc/arm-none-eabi/6.3.1/../../../../arm-none-eabi/lib/thumb/v7e-m\libc.a(lib_a-memcmp.o)
                0x00406720                memcmp
 .text          0x00406780      0x134 c:/program files (x86)/atmel/studio/7.0/toolchain/arm/arm-gnu-toolchain/bin/../lib/gcc/arm-none-eabi/6.3.1/../../../../arm-none-eabi/lib/thumb/v7e-m\libc.a(lib_a-memcpy.o)
                0x00406780                memcpy
 .text.__malloc_lock
                0x004068b4        0xc c:/program files (x86)/atmel/studio/7.0/toolchain/arm/arm-gnu-toolchain/bin/../lib/gcc/arm-none-eabi/6.3.1/../../../../arm-none-eabi/lib/thumb/v7e-m\libc.a(lib_a-mlock.o)
                0x004068b4                __malloc_lock
 .text.__malloc_unlock
                0x004068c0        0xc c:/program files (x86)/atmel/studio/7.0/toolchain/arm/arm-gnu-toolchain/bin/../lib/gcc/arm-none-eabi/6.3.1/../../../../arm-none-eabi/lib/thumb/v7e-m\libc.a(lib_a-mlock.o)
                0x004068c0                __malloc_unlock
 .text._Balloc  0x004068cc       0x4c c:/program files (x86)/atmel/studio/7.0/toolchain/arm/arm-gnu-toolchain/bin/../lib/gcc/arm-none-eabi/6.3.1/../../../../arm-none-eabi/lib/thumb/v7e-m\libc.a(lib_a-mprec.o)
                0x004068cc                _Balloc
 .text._Bfree   0x00406918       0x14 c:/program files (x86)/atmel/studio/7.0/toolchain/arm/arm-gnu-toolchain/bin/../lib/gcc/arm-none-eabi/6.3.1/../../../../arm-none-eabi/lib/thumb/v7e-m\libc.a(lib_a-mprec.o)
                0x00406918                _Bfree
 .text.__multadd
                0x0040692c       0x80 c:/program files (x86)/atmel/studio/7.0/toolchain/arm/arm-gnu-toolchain/bin/../lib/gcc/arm-none-eabi/6.3.1/../../../../arm-none-eabi/lib/thumb/v7e-m\libc.a(lib_a-mprec.o)
                0x0040692c                __multadd
 .text.__hi0bits
                0x004069ac       0x40 c:/program files (x86)/atmel/studio/7.0/toolchain/arm/arm-gnu-toolchain/bin/../lib/gcc/arm-none-eabi/6.3.1/../../../../arm-none-eabi/lib/thumb/v7e-m\libc.a(lib_a-mprec.o)
                0x004069ac                __hi0bits
 .text.__lo0bits
                0x004069ec       0x60 c:/program files (x86)/atmel/studio/7.0/toolchain/arm/arm-gnu-toolchain/bin/../lib/gcc/arm-none-eabi/6.3.1/../../../../arm-none-eabi/lib/thumb/v7e-m\libc.a(lib_a-mprec.o)
                0x004069ec                __lo0bits
 .text.__i2b    0x00406a4c       0x14 c:/program files (x86)/atmel/studio/7.0/toolchain/arm/arm-gnu-toolchain/bin/../lib/gcc/arm-none-eabi/6.3.1/../../../../arm-none-eabi/lib/thumb/v7e-m\libc.a(lib_a-mprec.o)
                0x00406a4c                __i2b
 .text.__multiply
                0x00406a60      0x124 c:/program files (x86)/atmel/studio/7.0/toolchain/arm/arm-gnu-toolchain/bin/../lib/gcc/arm-none-eabi/6.3.1/../../../../arm-none-eabi/lib/thumb/v7e-m\libc.a(lib_a-mprec.o)
                0x00406a60                __multiply
 .text.__pow5mult
                0x00406b84       0xa0 c:/program files (x86)/atmel/studio/7.0/toolchain/arm/arm-gnu-toolchain/bin/../lib/gcc/arm-none-eabi/6.3.1/../../../../arm-none-eabi/lib/thumb/v7e-m\libc.a(lib_a-mprec.o)
                0x00406b84                __pow5mult
 .text.__lshift
                0x00406c24       0xa4 c:/program files (x86)/atmel/studio/7.0/toolchain/arm/arm-gnu-toolchain/bin/../lib/gcc/arm-none-eabi/6.3.1/../../../../arm-none-eabi/lib/thumb/v7e-m\libc.a(lib_a-mprec.o)
                0x00406c24                __lshift
 .text.__mcmp   0x00406cc8       0x38 c:/program files (x86)/atmel/studio/7.0/toolchain/arm/arm-gnu-toolchain/bin/../lib/gcc/arm-none-eabi/6.3.1/../../../../arm-none-eabi/lib/thumb/v7e-m\libc.a(lib_a-mprec.o)
                0x00406cc8                __mcmp
 .text.__mdiff  0x00406d00      0x108 c:/program files (x86)/atmel/studio/7.0/toolchain/arm/arm-gnu-toolchain/bin/../lib/gcc/arm-none-eabi/6.3.1/../../../../arm-none-eabi/lib/thumb/v7e-m\libc.a(lib_a-mprec.o)
                0x00406d00                __mdiff
 .text.__d2b    0x00406e08       0xb8 c:/program files (x86)/atmel/studio/7.0/toolchain/arm/arm-gnu-toolchain/bin/../lib/gcc/arm-none-eabi/6.3.1/../../../../arm-none-eabi/lib/thumb/v7e-m\libc.a(lib_a-mprec.o)
                0x00406e08                __d2b
 .text._sbrk_r  0x00406ec0       0x24 c:/program files (x86)/atmel/studio/7.0/toolchain/arm/arm-gnu-toolchain/bin/../lib/gcc/arm-none-eabi/6.3.1/../../../../arm-none-eabi/lib/thumb/v7e-m\libc.a(lib_a-sbrkr.o)
                0x00406ec0                _sbrk_r
 .text.strchr   0x00406ee4       0xe8 c:/program files (x86)/atmel/studio/7.0/toolchain/arm/arm-gnu-toolchain/bin/../lib/gcc/arm-none-eabi/6.3.1/../../../../arm-none-eabi/lib/thumb/v7e-m\libc.a(lib_a-strchr.o)
                0x00406ee4                strchr
 *fill*         0x00406fcc       0x34 
 .text          0x00407000       0xdc c:/program files (x86)/atmel/studio/7.0/toolchain/arm/arm-gnu-toolchain/bin/../lib/gcc/arm-none-eabi/6.3.1/../../../../arm-none-eabi/lib/thumb/v7e-m\libc.a(lib_a-strlen.o)
                0x00407000                strlen
 .text.__ssprint_r
                0x004070dc       0xfc c:/program files (x86)/atmel/studio/7.0/toolchain/arm/arm-gnu-toolchain/bin/../lib/gcc/arm-none-eabi/6.3.1/../../../../arm-none-eabi/lib/thumb/v7e-m\libc.a(lib_a-svfiprintf.o)
                0x004070dc                __ssprint_r
 .text.__register_exitproc
                0x004071d8       0xc4 c:/program files (x86)/atmel/studio/7.0/toolchain/arm/arm-gnu-toolchain/bin/../lib/gcc/arm-none-eabi/6.3.1/../../../../arm-none-eabi/lib/thumb/v7e-m\libc.a(lib_a-__atexit.o)
                0x004071d8                __register_exitproc
 .text._calloc_r
                0x0040729c       0x60 c:/program files (x86)/atmel/studio/7.0/toolchain/arm/arm-gnu-toolchain/bin/../lib/gcc/arm-none-eabi/6.3.1/../../../../arm-none-eabi/lib/thumb/v7e-m\libc.a(lib_a-callocr.o)
                0x0040729c                _calloc_r
 .text._malloc_trim_r
                0x004072fc       0xa0 c:/program files (x86)/atmel/studio/7.0/toolchain/arm/arm-gnu-toolchain/bin/../lib/gcc/arm-none-eabi/6.3.1/../../../../arm-none-eabi/lib/thumb/v7e-m\libc.a(lib_a-freer.o)
                0x004072fc                _malloc_trim_r
 .text._free_r  0x0040739c      0x1cc c:/program files (x86)/atmel/studio/7.0/toolchain/arm/arm-gnu-toolchain/bin/../lib/gcc/arm-none-eabi/6.3.1/../../../../arm-none-eabi/lib/thumb/v7e-m\libc.a(lib_a-freer.o)
                0x0040739c                _free_r
 .text.__ascii_mbtowc
                0x00407568       0x2c c:/program files (x86)/atmel/studio/7.0/toolchain/arm/arm-gnu-toolchain/bin/../lib/gcc/arm-none-eabi/6.3.1/../../../../arm-none-eabi/lib/thumb/v7e-m\libc.a(lib_a-mbtowc_r.o)
                0x00407568                __ascii_mbtowc
 .text.memmove  0x00407594       0xc8 c:/program files (x86)/atmel/studio/7.0/toolchain/arm/arm-gnu-toolchain/bin/../lib/gcc/arm-none-eabi/6.3.1/../../../../arm-none-eabi/lib/thumb/v7e-m\libc.a(lib_a-memmove.o)
                0x00407594                memmove
 .text._realloc_r
                0x0040765c      0x34c c:/program files (x86)/atmel/studio/7.0/toolchain/arm/arm-gnu-toolchain/bin/../lib/gcc/arm-none-eabi/6.3.1/../../../../arm-none-eabi/lib/thumb/v7e-m\libc.a(lib_a-reallocr.o)
                0x0040765c                _realloc_r
 .text.__ascii_wctomb
                0x004079a8       0x1c c:/program files (x86)/atmel/studio/7.0/toolchain/arm/arm-gnu-toolchain/bin/../lib/gcc/arm-none-eabi/6.3.1/../../../../arm-none-eabi/lib/thumb/v7e-m\libc.a(lib_a-wctomb_r.o)
                0x004079a8                __ascii_wctomb
 .text          0x004079c4      0x370 c:/program files (x86)/atmel/studio/7.0/toolchain/arm/arm-gnu-toolchain/bin/../lib/gcc/arm-none-eabi/6.3.1/thumb/v7e-m\libgcc.a(_arm_addsubdf3.o)
                0x004079c4                __aeabi_drsub
                0x004079cc                __aeabi_dsub
                0x004079cc                __subdf3
                0x004079d0                __aeabi_dadd
                0x004079d0                __adddf3
                0x00407c48                __floatunsidf
                0x00407c48                __aeabi_ui2d
                0x00407c68                __floatsidf
                0x00407c68                __aeabi_i2d
                0x00407c8c                __aeabi_f2d
                0x00407c8c                __extendsfdf2
                0x00407cc8                __floatundidf
                0x00407cc8                __aeabi_ul2d
                0x00407cd8                __floatdidf
                0x00407cd8                __aeabi_l2d
 .text          0x00407d34      0x424 c:/program files (x86)/atmel/studio/7.0/toolchain/arm/arm-gnu-toolchain/bin/../lib/gcc/arm-none-eabi/6.3.1/thumb/v7e-m\libgcc.a(_arm_muldivdf3.o)
                0x00407d34                __aeabi_dmul
                0x00407d34                __muldf3
                0x00407f88                __divdf3
                0x00407f88                __aeabi_ddiv
 .text          0x00408158      0x110 c:/program files (x86)/atmel/studio/7.0/toolchain/arm/arm-gnu-toolchain/bin/../lib/gcc/arm-none-eabi/6.3.1/thumb/v7e-m\libgcc.a(_arm_cmpdf2.o)
                0x00408158                __gtdf2
                0x00408158                __gedf2
                0x00408160                __ltdf2
                0x00408160                __ledf2
                0x00408168                __nedf2
                0x00408168                __eqdf2
                0x00408168                __cmpdf2
                0x004081e4                __aeabi_cdrcmple
                0x004081f4                __aeabi_cdcmpeq
                0x004081f4                __aeabi_cdcmple
                0x00408204                __aeabi_dcmpeq
                0x00408218                __aeabi_dcmplt
                0x0040822c                __aeabi_dcmple
                0x00408240                __aeabi_dcmpge
                0x00408254                __aeabi_dcmpgt
 .text          0x00408268       0x2c c:/program files (x86)/atmel/studio/7.0/toolchain/arm/arm-gnu-toolchain/bin/../lib/gcc/arm-none-eabi/6.3.1/thumb/v7e-m\libgcc.a(_arm_unorddf2.o)
                0x00408268                __unorddf2
                0x00408268                __aeabi_dcmpun
 .text          0x00408294       0x50 c:/program files (x86)/atmel/studio/7.0/toolchain/arm/arm-gnu-toolchain/bin/../lib/gcc/arm-none-eabi/6.3.1/thumb/v7e-m\libgcc.a(_arm_fixdfsi.o)
                0x00408294                __aeabi_d2iz
                0x00408294                __fixdfsi
 *(.glue_7t)
 .glue_7t       0x004082e4        0x0 linker stubs
 *(.glue_7)
 .glue_7        0x004082e4        0x0 linker stubs
 *(.rodata .rodata* .gnu.linkonce.r.*)
 .rodata.OV2640_JPEG_INIT
                0x004082e4      0x17e src/ov2640_table_registers.o
                0x004082e4                OV2640_JPEG_INIT
 *fill*         0x00408462        0x2 
 .rodata.OV2640_YUV422
                0x00408464       0x14 src/ov2640_table_registers.o
                0x00408464                OV2640_YUV422
 .rodata.OV2640_JPEG
                0x00408478       0x12 src/ov2640_table_registers.o
                0x00408478                OV2640_JPEG
 *fill*         0x0040848a        0x2 
 .rodata.OV2640_JPEG_320x240
                0x0040848c       0x50 src/ov2640_table_registers.o
                0x0040848c                OV2640_JPEG_320x240
 .rodata.OV2640_JPEG_640x480
                0x004084dc       0x52 src/ov2640_table_registers.o
                0x004084dc                OV2640_JPEG_640x480
 *fill*         0x0040852e        0x2 
 .rodata.OV2640_JPEG_800x600
                0x00408530       0x52 src/ov2640_table_registers.o
                0x00408530                OV2640_JPEG_800x600
 *fill*         0x00408582        0x2 
 .rodata.OV2640_JPEG_1024x768
                0x00408584       0x4e src/ov2640_table_registers.o
                0x00408584                OV2640_JPEG_1024x768
 *fill*         0x004085d2        0x2 
 .rodata.OV2640_JPEG_1280x1024
                0x004085d4       0x52 src/ov2640_table_registers.o
                0x004085d4                OV2640_JPEG_1280x1024
 *fill*         0x00408626        0x2 
 .rodata.OV2640_JPEG_1600x1200
                0x00408628       0x52 src/ov2640_table_registers.o
                0x00408628                OV2640_JPEG_1600x1200
 *fill*         0x0040867a        0x2 
 .rodata.OV2640_QVGA_YUV422_10FPS
                0x0040867c       0xf0 src/ov2640_table_registers.o
                0x0040867c                OV2640_QVGA_YUV422_10FPS
 .rodata.OV2640_QVGA_YUV422_15FPS
                0x0040876c       0xf0 src/ov2640_table_registers.o
                0x0040876c                OV2640_QVGA_YUV422_15FPS
 .rodata.OV2640_QVGA_YUV422_20FPS
                0x0040885c       0xf0 src/ov2640_table_registers.o
                0x0040885c                OV2640_QVGA_YUV422_20FPS
 .rodata.OV2640_QVGA_YUV422_30FPS
                0x0040894c       0xf0 src/ov2640_table_registers.o
                0x0040894c                OV2640_QVGA_YUV422_30FPS
 .rodata.OV2640_QVGA_RGB888
                0x00408a3c       0xf4 src/ov2640_table_registers.o
                0x00408a3c                OV2640_QVGA_RGB888
 .rodata.OV2640_QQVGA_YUV422
                0x00408b30       0xf4 src/ov2640_table_registers.o
                0x00408b30                OV2640_QQVGA_YUV422
 .rodata.OV2640_QQVGA_RGB888
                0x00408c24       0xf4 src/ov2640_table_registers.o
                0x00408c24                OV2640_QQVGA_RGB888
 .rodata.OV2640_TEST_PATTERN
                0x00408d18       0xf4 src/ov2640_table_registers.o
                0x00408d18                OV2640_TEST_PATTERN
 .rodata.OV2640_VGA_YUV422_20FPS
                0x00408e0c       0xf0 src/ov2640_table_registers.o
                0x00408e0c                OV2640_VGA_YUV422_20FPS
 .rodata        0x00408efc       0x70 src/wifi.o
 .rodata        0x00408f6c       0x47 src/main.o
 *fill*         0x00408fb3        0x1 
 .rodata._global_impure_ptr
                0x00408fb4        0x4 c:/program files (x86)/atmel/studio/7.0/toolchain/arm/arm-gnu-toolchain/bin/../lib/gcc/arm-none-eabi/6.3.1/../../../../arm-none-eabi/lib/thumb/v7e-m\libc.a(lib_a-impure.o)
                0x00408fb4                _global_impure_ptr
 .rodata._svfprintf_r.str1.4
                0x00408fb8       0x42 c:/program files (x86)/atmel/studio/7.0/toolchain/arm/arm-gnu-toolchain/bin/../lib/gcc/arm-none-eabi/6.3.1/../../../../arm-none-eabi/lib/thumb/v7e-m\libc.a(lib_a-svfprintf.o)
 *fill*         0x00408ffa        0x2 
 .rodata.blanks.7223
                0x00408ffc       0x10 c:/program files (x86)/atmel/studio/7.0/toolchain/arm/arm-gnu-toolchain/bin/../lib/gcc/arm-none-eabi/6.3.1/../../../../arm-none-eabi/lib/thumb/v7e-m\libc.a(lib_a-svfprintf.o)
 .rodata.zeroes.7224
                0x0040900c       0x10 c:/program files (x86)/atmel/studio/7.0/toolchain/arm/arm-gnu-toolchain/bin/../lib/gcc/arm-none-eabi/6.3.1/../../../../arm-none-eabi/lib/thumb/v7e-m\libc.a(lib_a-svfprintf.o)
 .rodata._dtoa_r.str1.4
                0x0040901c       0x10 c:/program files (x86)/atmel/studio/7.0/toolchain/arm/arm-gnu-toolchain/bin/../lib/gcc/arm-none-eabi/6.3.1/../../../../arm-none-eabi/lib/thumb/v7e-m\libc.a(lib_a-dtoa.o)
                                 0x12 (size before relaxing)
 *fill*         0x0040902c        0x4 
 .rodata.__mprec_bigtens
                0x00409030       0x28 c:/program files (x86)/atmel/studio/7.0/toolchain/arm/arm-gnu-toolchain/bin/../lib/gcc/arm-none-eabi/6.3.1/../../../../arm-none-eabi/lib/thumb/v7e-m\libc.a(lib_a-mprec.o)
                0x00409030                __mprec_bigtens
 .rodata.__mprec_tens
                0x00409058       0xc8 c:/program files (x86)/atmel/studio/7.0/toolchain/arm/arm-gnu-toolchain/bin/../lib/gcc/arm-none-eabi/6.3.1/../../../../arm-none-eabi/lib/thumb/v7e-m\libc.a(lib_a-mprec.o)
                0x00409058                __mprec_tens
 .rodata.p05.6055
                0x00409120        0xc c:/program files (x86)/atmel/studio/7.0/toolchain/arm/arm-gnu-toolchain/bin/../lib/gcc/arm-none-eabi/6.3.1/../../../../arm-none-eabi/lib/thumb/v7e-m\libc.a(lib_a-mprec.o)
 .rodata._setlocale_r.str1.4
                0x0040912c        0xa c:/program files (x86)/atmel/studio/7.0/toolchain/arm/arm-gnu-toolchain/bin/../lib/gcc/arm-none-eabi/6.3.1/../../../../arm-none-eabi/lib/thumb/v7e-m\libc.a(lib_a-locale.o)
                                  0xd (size before relaxing)
 *fill*         0x00409136        0x2 
 .rodata.str1.4
                0x00409138        0x4 c:/program files (x86)/atmel/studio/7.0/toolchain/arm/arm-gnu-toolchain/bin/../lib/gcc/arm-none-eabi/6.3.1/../../../../arm-none-eabi/lib/thumb/v7e-m\libc.a(lib_a-locale.o)
                                  0x2 (size before relaxing)
 .rodata._ctype_
                0x0040913c      0x101 c:/program files (x86)/atmel/studio/7.0/toolchain/arm/arm-gnu-toolchain/bin/../lib/gcc/arm-none-eabi/6.3.1/../../../../arm-none-eabi/lib/thumb/v7e-m\libc.a(lib_a-ctype_.o)
                0x0040913c                _ctype_
 *(.ARM.extab* .gnu.linkonce.armextab.*)
                0x00409240                . = ALIGN (0x4)
 *fill*         0x0040923d        0x3 
 *(.init)
 .init          0x00409240        0x4 c:/program files (x86)/atmel/studio/7.0/toolchain/arm/arm-gnu-toolchain/bin/../lib/gcc/arm-none-eabi/6.3.1/thumb/v7e-m/crti.o
                0x00409240                _init
 .init          0x00409244        0x8 c:/program files (x86)/atmel/studio/7.0/toolchain/arm/arm-gnu-toolchain/bin/../lib/gcc/arm-none-eabi/6.3.1/thumb/v7e-m/crtn.o
                0x0040924c                . = ALIGN (0x4)
                0x0040924c                __preinit_array_start = .
 *(.preinit_array)
                0x0040924c                __preinit_array_end = .
                0x0040924c                . = ALIGN (0x4)
                0x0040924c                __init_array_start = .
 *(SORT(.init_array.*))
 .init_array.00000
                0x0040924c        0x4 c:/program files (x86)/atmel/studio/7.0/toolchain/arm/arm-gnu-toolchain/bin/../lib/gcc/arm-none-eabi/6.3.1/../../../../arm-none-eabi/lib/thumb/v7e-m\libc.a(lib_a-__call_atexit.o)
 *(.init_array)
 .init_array    0x00409250        0x4 c:/program files (x86)/atmel/studio/7.0/toolchain/arm/arm-gnu-toolchain/bin/../lib/gcc/arm-none-eabi/6.3.1/thumb/v7e-m/crtbegin.o
                0x00409254                __init_array_end = .
                0x00409254                . = ALIGN (0x4)
 *crtbegin.o(.ctors)
 *(EXCLUDE_FILE(*crtend.o) .ctors)
 *(SORT(.ctors.*))
 *crtend.o(.ctors)
                0x00409254                . = ALIGN (0x4)
 *(.fini)
 .fini          0x00409254        0x4 c:/program files (x86)/atmel/studio/7.0/toolchain/arm/arm-gnu-toolchain/bin/../lib/gcc/arm-none-eabi/6.3.1/thumb/v7e-m/crti.o
                0x00409254                _fini
 .fini          0x00409258        0x8 c:/program files (x86)/atmel/studio/7.0/toolchain/arm/arm-gnu-toolchain/bin/../lib/gcc/arm-none-eabi/6.3.1/thumb/v7e-m/crtn.o
                0x00409260                . = ALIGN (0x4)
                0x00409260                __fini_array_start = .
 *(.fini_array)
 .fini_array    0x00409260        0x4 c:/program files (x86)/atmel/studio/7.0/toolchain/arm/arm-gnu-toolchain/bin/../lib/gcc/arm-none-eabi/6.3.1/thumb/v7e-m/crtbegin.o
 *(SORT(.fini_array.*))
                0x00409264                __fini_array_end = .
 *crtbegin.o(.dtors)
 *(EXCLUDE_FILE(*crtend.o) .dtors)
 *(SORT(.dtors.*))
 *crtend.o(.dtors)
                0x00409264                . = ALIGN (0x4)
                0x00409264                _efixed = .
                [!provide]                PROVIDE (__exidx_start, .)

.vfp11_veneer   0x00409264        0x0
 .vfp11_veneer  0x00409264        0x0 linker stubs

.v4_bx          0x00409264        0x0
 .v4_bx         0x00409264        0x0 linker stubs

.iplt           0x00409264        0x0
 .iplt          0x00409264        0x0 c:/program files (x86)/atmel/studio/7.0/toolchain/arm/arm-gnu-toolchain/bin/../lib/gcc/arm-none-eabi/6.3.1/thumb/v7e-m/crtbegin.o

.ARM.exidx      0x00409264        0x8
 *(.ARM.exidx* .gnu.linkonce.armexidx.*)
 .ARM.exidx     0x00409264        0x8 c:/program files (x86)/atmel/studio/7.0/toolchain/arm/arm-gnu-toolchain/bin/../lib/gcc/arm-none-eabi/6.3.1/thumb/v7e-m\libgcc.a(_udivmoddi4.o)
                [!provide]                PROVIDE (__exidx_end, .)

.eh_frame       0x0040926c        0x0
 .eh_frame      0x0040926c        0x0 c:/program files (x86)/atmel/studio/7.0/toolchain/arm/arm-gnu-toolchain/bin/../lib/gcc/arm-none-eabi/6.3.1/thumb/v7e-m/crtbegin.o

.rel.dyn        0x0040926c        0x0
 .rel.iplt      0x0040926c        0x0 c:/program files (x86)/atmel/studio/7.0/toolchain/arm/arm-gnu-toolchain/bin/../lib/gcc/arm-none-eabi/6.3.1/thumb/v7e-m/crtbegin.o

.jcr            0x0040926c        0x0
 .jcr           0x0040926c        0x0 c:/program files (x86)/atmel/studio/7.0/toolchain/arm/arm-gnu-toolchain/bin/../lib/gcc/arm-none-eabi/6.3.1/thumb/v7e-m/crtbegin.o

.igot.plt       0x0040926c        0x0
 .igot.plt      0x0040926c        0x0 c:/program files (x86)/atmel/studio/7.0/toolchain/arm/arm-gnu-toolchain/bin/../lib/gcc/arm-none-eabi/6.3.1/thumb/v7e-m/crtbegin.o
                0x0040926c                . = ALIGN (0x4)
                0x0040926c                _etext = .

.relocate       0x20000000      0x9c0 load address 0x0040926c
                0x20000000                . = ALIGN (0x4)
                0x20000000                _srelocate = .
 *(.ramfunc .ramfunc.*)
 .ramfunc       0x20000000        0xa src/ASF/common/services/delay/sam/cycle_counter.o
                0x20000000                portable_delay_cycles
 *(.data .data.*)
 *fill*         0x2000000a        0x2 
 .data.SystemCoreClock
                0x2000000c        0x4 src/ASF/sam/utils/cmsis/sam4s/source/templates/system_sam4s.o
                0x2000000c                SystemCoreClock
 .data._impure_ptr
                0x20000010        0x4 c:/program files (x86)/atmel/studio/7.0/toolchain/arm/arm-gnu-toolchain/bin/../lib/gcc/arm-none-eabi/6.3.1/../../../../arm-none-eabi/lib/thumb/v7e-m\libc.a(lib_a-impure.o)
                0x20000010                _impure_ptr
 *fill*         0x20000014        0x4 
 .data.impure_data
                0x20000018      0x428 c:/program files (x86)/atmel/studio/7.0/toolchain/arm/arm-gnu-toolchain/bin/../lib/gcc/arm-none-eabi/6.3.1/../../../../arm-none-eabi/lib/thumb/v7e-m\libc.a(lib_a-impure.o)
 .data.__atexit_recursive_mutex
                0x20000440        0x4 c:/program files (x86)/atmel/studio/7.0/toolchain/arm/arm-gnu-toolchain/bin/../lib/gcc/arm-none-eabi/6.3.1/../../../../arm-none-eabi/lib/thumb/v7e-m\libc.a(lib_a-__call_atexit.o)
                0x20000440                __atexit_recursive_mutex
 .data.__malloc_av_
                0x20000444      0x408 c:/program files (x86)/atmel/studio/7.0/toolchain/arm/arm-gnu-toolchain/bin/../lib/gcc/arm-none-eabi/6.3.1/../../../../arm-none-eabi/lib/thumb/v7e-m\libc.a(lib_a-mallocr.o)
                0x20000444                __malloc_av_
 .data.__malloc_sbrk_base
                0x2000084c        0x4 c:/program files (x86)/atmel/studio/7.0/toolchain/arm/arm-gnu-toolchain/bin/../lib/gcc/arm-none-eabi/6.3.1/../../../../arm-none-eabi/lib/thumb/v7e-m\libc.a(lib_a-mallocr.o)
                0x2000084c                __malloc_sbrk_base
 .data.__malloc_trim_threshold
                0x20000850        0x4 c:/program files (x86)/atmel/studio/7.0/toolchain/arm/arm-gnu-toolchain/bin/../lib/gcc/arm-none-eabi/6.3.1/../../../../arm-none-eabi/lib/thumb/v7e-m\libc.a(lib_a-mallocr.o)
                0x20000850                __malloc_trim_threshold
 .data.__global_locale
                0x20000854      0x16c c:/program files (x86)/atmel/studio/7.0/toolchain/arm/arm-gnu-toolchain/bin/../lib/gcc/arm-none-eabi/6.3.1/../../../../arm-none-eabi/lib/thumb/v7e-m\libc.a(lib_a-locale.o)
                0x20000854                __global_locale
                0x200009c0                . = ALIGN (0x4)
                0x200009c0                _erelocate = .

.bss            0x200009c0    0x18bb4 load address 0x00409c2c
                0x200009c0                . = ALIGN (0x4)
                0x200009c0                _sbss = .
                0x200009c0                _szero = .
 *(.bss .bss.*)
 .bss           0x200009c0       0x1c c:/program files (x86)/atmel/studio/7.0/toolchain/arm/arm-gnu-toolchain/bin/../lib/gcc/arm-none-eabi/6.3.1/thumb/v7e-m/crtbegin.o
 .bss.ul_reg_val.7523
                0x200009dc        0x4 src/ASF/sam/drivers/usart/usart.o
 .bss.gs_interrupt_sources
                0x200009e0       0x70 src/ASF/sam/drivers/pio/pio_handler.o
 .bss.gs_ul_nb_sources
                0x20000a50        0x4 src/ASF/sam/drivers/pio/pio_handler.o
 .bss.pio_capture_handler
                0x20000a54        0x4 src/ASF/sam/drivers/pio/pio_handler.o
 .bss.IMG_LENGTH
                0x20000a58        0x4 src/camera.o
                0x20000a58                IMG_LENGTH
 .bss.vsync_flag
                0x20000a5c        0x4 src/camera.o
                0x20000a5c                vsync_flag
 .bss.received_byte_wifi
                0x20000a60        0x4 src/wifi.o
                0x20000a60                received_byte_wifi
 .bss.wifi_web_setup_flag
                0x20000a64        0x4 src/wifi.o
                0x20000a64                wifi_web_setup_flag
 .bss.input_pos_wifi
                0x20000a68        0x4 src/wifi.o
                0x20000a68                input_pos_wifi
 .bss.Ready2TransferFlag
                0x20000a6c        0x4 src/wifi.o
                0x20000a6c                Ready2TransferFlag
 .bss.StreamOpen
                0x20000a70        0x4 src/wifi.o
                0x20000a70                StreamOpen
 .bss.wifi_comm_flag
                0x20000a74        0x4 src/wifi.o
                0x20000a74                wifi_comm_flag
 .bss.ul_sysclk.8739
                0x20000a78        0x4 src/wifi.o
 .bss.heap.5297
                0x20000a7c        0x4 src/ASF/sam/utils/syscalls/gcc/syscalls.o
 .bss.__malloc_current_mallinfo
                0x20000a80       0x28 c:/program files (x86)/atmel/studio/7.0/toolchain/arm/arm-gnu-toolchain/bin/../lib/gcc/arm-none-eabi/6.3.1/../../../../arm-none-eabi/lib/thumb/v7e-m\libc.a(lib_a-mallocr.o)
                0x20000a80                __malloc_current_mallinfo
 .bss.__malloc_max_sbrked_mem
                0x20000aa8        0x4 c:/program files (x86)/atmel/studio/7.0/toolchain/arm/arm-gnu-toolchain/bin/../lib/gcc/arm-none-eabi/6.3.1/../../../../arm-none-eabi/lib/thumb/v7e-m\libc.a(lib_a-mallocr.o)
                0x20000aa8                __malloc_max_sbrked_mem
 .bss.__malloc_max_total_mem
                0x20000aac        0x4 c:/program files (x86)/atmel/studio/7.0/toolchain/arm/arm-gnu-toolchain/bin/../lib/gcc/arm-none-eabi/6.3.1/../../../../arm-none-eabi/lib/thumb/v7e-m\libc.a(lib_a-mallocr.o)
                0x20000aac                __malloc_max_total_mem
 .bss.__malloc_top_pad
                0x20000ab0        0x4 c:/program files (x86)/atmel/studio/7.0/toolchain/arm/arm-gnu-toolchain/bin/../lib/gcc/arm-none-eabi/6.3.1/../../../../arm-none-eabi/lib/thumb/v7e-m\libc.a(lib_a-mallocr.o)
                0x20000ab0                __malloc_top_pad
 *(COMMON)
 COMMON         0x20000ab4        0x4 src/ASF/sam/drivers/pio/pio.o
                0x20000ab4                pio_capture_enable_flag
 COMMON         0x20000ab8    0x186a8 src/camera.o
                0x20000ab8                IMG_BUFFER
                0x20019158                IMG_START
                0x2001915c                IMG_END
 COMMON         0x20019160        0x1 src/timer_interface.o
                0x20019160                counts
 *fill*         0x20019161        0x3 
 COMMON         0x20019164      0x3e8 src/wifi.o
                0x20019164                input_line_wifi
 COMMON         0x2001954c       0x21 c:/program files (x86)/atmel/studio/7.0/toolchain/arm/arm-gnu-toolchain/bin/../lib/gcc/arm-none-eabi/6.3.1/../../../../arm-none-eabi/lib/thumb/v7e-m\libc.a(lib_a-lock.o)
                0x2001954c                __lock___atexit_recursive_mutex
                0x20019550                __lock___arc4random_mutex
                0x20019554                __lock___env_recursive_mutex
                0x20019558                __lock___sinit_recursive_mutex
                0x2001955c                __lock___malloc_recursive_mutex
                0x20019560                __lock___at_quick_exit_mutex
                0x20019564                __lock___dd_hash_mutex
                0x20019568                __lock___tz_mutex
                0x2001956c                __lock___sfp_recursive_mutex
 *fill*         0x2001956d        0x3 
 COMMON         0x20019570        0x4 c:/program files (x86)/atmel/studio/7.0/toolchain/arm/arm-gnu-toolchain/bin/../lib/gcc/arm-none-eabi/6.3.1/../../../../arm-none-eabi/lib/thumb/v7e-m\libc.a(lib_a-reent.o)
                0x20019570                errno
                0x20019574                . = ALIGN (0x4)
                0x20019574                _ebss = .
                0x20019574                _ezero = .

.stack          0x20019574     0x3004 load address 0x004227e0
                0x20019578                . = ALIGN (0x8)
 *fill*         0x20019574        0x4 
                0x20019578                _sstack = .
                0x2001c578                . = (. + __stack_size__)
 *fill*         0x20019578     0x3000 
                0x2001c578                . = ALIGN (0x8)
                0x2001c578                _estack = .
                0x2001c578                . = ALIGN (0x4)
                0x2001c578                _end = .
OUTPUT(WebcamFirmware.elf elf32-littlearm)

.ARM.attributes
                0x00000000       0x2a
 .ARM.attributes
                0x00000000       0x1e c:/program files (x86)/atmel/studio/7.0/toolchain/arm/arm-gnu-toolchain/bin/../lib/gcc/arm-none-eabi/6.3.1/thumb/v7e-m/crti.o
 .ARM.attributes
                0x0000001e       0x2e c:/program files (x86)/atmel/studio/7.0/toolchain/arm/arm-gnu-toolchain/bin/../lib/gcc/arm-none-eabi/6.3.1/thumb/v7e-m/crtbegin.o
 .ARM.attributes
                0x0000004c       0x33 src/ASF/sam/drivers/tc/tc.o
 .ARM.attributes
                0x0000007f       0x33 src/ASF/sam/drivers/twi/twi.o
 .ARM.attributes
                0x000000b2       0x33 src/ASF/sam/drivers/usart/usart.o
 .ARM.attributes
                0x000000e5       0x33 src/ASF/common/services/delay/sam/cycle_counter.o
 .ARM.attributes
                0x00000118       0x33 src/ASF/sam/drivers/pio/pio_handler.o
 .ARM.attributes
                0x0000014b       0x33 src/ASF/sam/drivers/wdt/wdt.o
 .ARM.attributes
                0x0000017e       0x33 src/ASF/common/services/clock/sam4s/sysclk.o
 .ARM.attributes
                0x000001b1       0x33 src/ASF/sam/drivers/pio/pio.o
 .ARM.attributes
                0x000001e4       0x33 src/ASF/sam/drivers/pmc/pmc.o
 .ARM.attributes
                0x00000217       0x33 src/camera.o
 .ARM.attributes
                0x0000024a       0x33 src/ov2640.o
 .ARM.attributes
                0x0000027d       0x33 src/ov2640_table_registers.o
 .ARM.attributes
                0x000002b0       0x33 src/timer_interface.o
 .ARM.attributes
                0x000002e3       0x33 src/wifi.o
 .ARM.attributes
                0x00000316       0x33 src/ASF/common/boards/user_board/init.o
 .ARM.attributes
                0x00000349       0x33 src/ASF/sam/utils/cmsis/sam4s/source/templates/gcc/startup_sam4s.o
 .ARM.attributes
                0x0000037c       0x33 src/ASF/sam/utils/cmsis/sam4s/source/templates/system_sam4s.o
 .ARM.attributes
                0x000003af       0x33 src/ASF/sam/utils/syscalls/gcc/syscalls.o
 .ARM.attributes
                0x000003e2       0x33 src/main.o
 .ARM.attributes
                0x00000415       0x1e c:/program files (x86)/atmel/studio/7.0/toolchain/arm/arm-gnu-toolchain/bin/../lib/gcc/arm-none-eabi/6.3.1/thumb/v7e-m\libgcc.a(_aeabi_uldivmod.o)
 .ARM.attributes
                0x00000433       0x2e c:/program files (x86)/atmel/studio/7.0/toolchain/arm/arm-gnu-toolchain/bin/../lib/gcc/arm-none-eabi/6.3.1/thumb/v7e-m\libgcc.a(_udivmoddi4.o)
 .ARM.attributes
                0x00000461       0x1e c:/program files (x86)/atmel/studio/7.0/toolchain/arm/arm-gnu-toolchain/bin/../lib/gcc/arm-none-eabi/6.3.1/thumb/v7e-m\libgcc.a(_dvmd_tls.o)
 .ARM.attributes
                0x0000047f       0x2e c:/program files (x86)/atmel/studio/7.0/toolchain/arm/arm-gnu-toolchain/bin/../lib/gcc/arm-none-eabi/6.3.1/../../../../arm-none-eabi/lib/thumb/v7e-m\libc.a(lib_a-impure.o)
 .ARM.attributes
                0x000004ad       0x2e c:/program files (x86)/atmel/studio/7.0/toolchain/arm/arm-gnu-toolchain/bin/../lib/gcc/arm-none-eabi/6.3.1/../../../../arm-none-eabi/lib/thumb/v7e-m\libc.a(lib_a-init.o)
 .ARM.attributes
                0x000004db       0x2e c:/program files (x86)/atmel/studio/7.0/toolchain/arm/arm-gnu-toolchain/bin/../lib/gcc/arm-none-eabi/6.3.1/../../../../arm-none-eabi/lib/thumb/v7e-m\libc.a(lib_a-memset.o)
 .ARM.attributes
                0x00000509       0x2e c:/program files (x86)/atmel/studio/7.0/toolchain/arm/arm-gnu-toolchain/bin/../lib/gcc/arm-none-eabi/6.3.1/../../../../arm-none-eabi/lib/thumb/v7e-m\libc.a(lib_a-sprintf.o)
 .ARM.attributes
                0x00000537       0x2e c:/program files (x86)/atmel/studio/7.0/toolchain/arm/arm-gnu-toolchain/bin/../lib/gcc/arm-none-eabi/6.3.1/../../../../arm-none-eabi/lib/thumb/v7e-m\libc.a(lib_a-strstr.o)
 .ARM.attributes
                0x00000565       0x2e c:/program files (x86)/atmel/studio/7.0/toolchain/arm/arm-gnu-toolchain/bin/../lib/gcc/arm-none-eabi/6.3.1/../../../../arm-none-eabi/lib/thumb/v7e-m\libc.a(lib_a-svfprintf.o)
 .ARM.attributes
                0x00000593       0x2e c:/program files (x86)/atmel/studio/7.0/toolchain/arm/arm-gnu-toolchain/bin/../lib/gcc/arm-none-eabi/6.3.1/../../../../arm-none-eabi/lib/thumb/v7e-m\libc.a(lib_a-__call_atexit.o)
 .ARM.attributes
                0x000005c1       0x2e c:/program files (x86)/atmel/studio/7.0/toolchain/arm/arm-gnu-toolchain/bin/../lib/gcc/arm-none-eabi/6.3.1/../../../../arm-none-eabi/lib/thumb/v7e-m\libc.a(lib_a-atexit.o)
 .ARM.attributes
                0x000005ef       0x2e c:/program files (x86)/atmel/studio/7.0/toolchain/arm/arm-gnu-toolchain/bin/../lib/gcc/arm-none-eabi/6.3.1/../../../../arm-none-eabi/lib/thumb/v7e-m\libc.a(lib_a-dtoa.o)
 .ARM.attributes
                0x0000061d       0x2e c:/program files (x86)/atmel/studio/7.0/toolchain/arm/arm-gnu-toolchain/bin/../lib/gcc/arm-none-eabi/6.3.1/../../../../arm-none-eabi/lib/thumb/v7e-m\libc.a(lib_a-fini.o)
 .ARM.attributes
                0x0000064b       0x2e c:/program files (x86)/atmel/studio/7.0/toolchain/arm/arm-gnu-toolchain/bin/../lib/gcc/arm-none-eabi/6.3.1/../../../../arm-none-eabi/lib/thumb/v7e-m\libc.a(lib_a-localeconv.o)
 .ARM.attributes
                0x00000679       0x2e c:/program files (x86)/atmel/studio/7.0/toolchain/arm/arm-gnu-toolchain/bin/../lib/gcc/arm-none-eabi/6.3.1/../../../../arm-none-eabi/lib/thumb/v7e-m\libc.a(lib_a-lock.o)
 .ARM.attributes
                0x000006a7       0x2e c:/program files (x86)/atmel/studio/7.0/toolchain/arm/arm-gnu-toolchain/bin/../lib/gcc/arm-none-eabi/6.3.1/../../../../arm-none-eabi/lib/thumb/v7e-m\libc.a(lib_a-mallocr.o)
 .ARM.attributes
                0x000006d5       0x1c c:/program files (x86)/atmel/studio/7.0/toolchain/arm/arm-gnu-toolchain/bin/../lib/gcc/arm-none-eabi/6.3.1/../../../../arm-none-eabi/lib/thumb/v7e-m\libc.a(lib_a-memchr.o)
 .ARM.attributes
                0x000006f1       0x2e c:/program files (x86)/atmel/studio/7.0/toolchain/arm/arm-gnu-toolchain/bin/../lib/gcc/arm-none-eabi/6.3.1/../../../../arm-none-eabi/lib/thumb/v7e-m\libc.a(lib_a-memcmp.o)
 .ARM.attributes
                0x0000071f       0x1c c:/program files (x86)/atmel/studio/7.0/toolchain/arm/arm-gnu-toolchain/bin/../lib/gcc/arm-none-eabi/6.3.1/../../../../arm-none-eabi/lib/thumb/v7e-m\libc.a(lib_a-memcpy.o)
 .ARM.attributes
                0x0000073b       0x2e c:/program files (x86)/atmel/studio/7.0/toolchain/arm/arm-gnu-toolchain/bin/../lib/gcc/arm-none-eabi/6.3.1/../../../../arm-none-eabi/lib/thumb/v7e-m\libc.a(lib_a-mlock.o)
 .ARM.attributes
                0x00000769       0x2e c:/program files (x86)/atmel/studio/7.0/toolchain/arm/arm-gnu-toolchain/bin/../lib/gcc/arm-none-eabi/6.3.1/../../../../arm-none-eabi/lib/thumb/v7e-m\libc.a(lib_a-mprec.o)
 .ARM.attributes
                0x00000797       0x2e c:/program files (x86)/atmel/studio/7.0/toolchain/arm/arm-gnu-toolchain/bin/../lib/gcc/arm-none-eabi/6.3.1/../../../../arm-none-eabi/lib/thumb/v7e-m\libc.a(lib_a-sbrkr.o)
 .ARM.attributes
                0x000007c5       0x2e c:/program files (x86)/atmel/studio/7.0/toolchain/arm/arm-gnu-toolchain/bin/../lib/gcc/arm-none-eabi/6.3.1/../../../../arm-none-eabi/lib/thumb/v7e-m\libc.a(lib_a-strchr.o)
 .ARM.attributes
                0x000007f3       0x1c c:/program files (x86)/atmel/studio/7.0/toolchain/arm/arm-gnu-toolchain/bin/../lib/gcc/arm-none-eabi/6.3.1/../../../../arm-none-eabi/lib/thumb/v7e-m\libc.a(lib_a-strlen.o)
 .ARM.attributes
                0x0000080f       0x2e c:/program files (x86)/atmel/studio/7.0/toolchain/arm/arm-gnu-toolchain/bin/../lib/gcc/arm-none-eabi/6.3.1/../../../../arm-none-eabi/lib/thumb/v7e-m\libc.a(lib_a-svfiprintf.o)
 .ARM.attributes
                0x0000083d       0x2e c:/program files (x86)/atmel/studio/7.0/toolchain/arm/arm-gnu-toolchain/bin/../lib/gcc/arm-none-eabi/6.3.1/../../../../arm-none-eabi/lib/thumb/v7e-m\libc.a(lib_a-__atexit.o)
 .ARM.attributes
                0x0000086b       0x2e c:/program files (x86)/atmel/studio/7.0/toolchain/arm/arm-gnu-toolchain/bin/../lib/gcc/arm-none-eabi/6.3.1/../../../../arm-none-eabi/lib/thumb/v7e-m\libc.a(lib_a-callocr.o)
 .ARM.attributes
                0x00000899       0x2e c:/program files (x86)/atmel/studio/7.0/toolchain/arm/arm-gnu-toolchain/bin/../lib/gcc/arm-none-eabi/6.3.1/../../../../arm-none-eabi/lib/thumb/v7e-m\libc.a(lib_a-freer.o)
 .ARM.attributes
                0x000008c7       0x2e c:/program files (x86)/atmel/studio/7.0/toolchain/arm/arm-gnu-toolchain/bin/../lib/gcc/arm-none-eabi/6.3.1/../../../../arm-none-eabi/lib/thumb/v7e-m\libc.a(lib_a-locale.o)
 .ARM.attributes
                0x000008f5       0x2e c:/program files (x86)/atmel/studio/7.0/toolchain/arm/arm-gnu-toolchain/bin/../lib/gcc/arm-none-eabi/6.3.1/../../../../arm-none-eabi/lib/thumb/v7e-m\libc.a(lib_a-mbtowc_r.o)
 .ARM.attributes
                0x00000923       0x2e c:/program files (x86)/atmel/studio/7.0/toolchain/arm/arm-gnu-toolchain/bin/../lib/gcc/arm-none-eabi/6.3.1/../../../../arm-none-eabi/lib/thumb/v7e-m\libc.a(lib_a-memmove.o)
 .ARM.attributes
                0x00000951       0x2e c:/program files (x86)/atmel/studio/7.0/toolchain/arm/arm-gnu-toolchain/bin/../lib/gcc/arm-none-eabi/6.3.1/../../../../arm-none-eabi/lib/thumb/v7e-m\libc.a(lib_a-reallocr.o)
 .ARM.attributes
                0x0000097f       0x2e c:/program files (x86)/atmel/studio/7.0/toolchain/arm/arm-gnu-toolchain/bin/../lib/gcc/arm-none-eabi/6.3.1/../../../../arm-none-eabi/lib/thumb/v7e-m\libc.a(lib_a-reent.o)
 .ARM.attributes
                0x000009ad       0x2e c:/program files (x86)/atmel/studio/7.0/toolchain/arm/arm-gnu-toolchain/bin/../lib/gcc/arm-none-eabi/6.3.1/../../../../arm-none-eabi/lib/thumb/v7e-m\libc.a(lib_a-wctomb_r.o)
 .ARM.attributes
                0x000009db       0x2e c:/program files (x86)/atmel/studio/7.0/toolchain/arm/arm-gnu-toolchain/bin/../lib/gcc/arm-none-eabi/6.3.1/../../../../arm-none-eabi/lib/thumb/v7e-m\libc.a(lib_a-ctype_.o)
 .ARM.attributes
                0x00000a09       0x1e c:/program files (x86)/atmel/studio/7.0/toolchain/arm/arm-gnu-toolchain/bin/../lib/gcc/arm-none-eabi/6.3.1/thumb/v7e-m\libgcc.a(_arm_addsubdf3.o)
 .ARM.attributes
                0x00000a27       0x1e c:/program files (x86)/atmel/studio/7.0/toolchain/arm/arm-gnu-toolchain/bin/../lib/gcc/arm-none-eabi/6.3.1/thumb/v7e-m\libgcc.a(_arm_muldivdf3.o)
 .ARM.attributes
                0x00000a45       0x1e c:/program files (x86)/atmel/studio/7.0/toolchain/arm/arm-gnu-toolchain/bin/../lib/gcc/arm-none-eabi/6.3.1/thumb/v7e-m\libgcc.a(_arm_cmpdf2.o)
 .ARM.attributes
                0x00000a63       0x1e c:/program files (x86)/atmel/studio/7.0/toolchain/arm/arm-gnu-toolchain/bin/../lib/gcc/arm-none-eabi/6.3.1/thumb/v7e-m\libgcc.a(_arm_unorddf2.o)
 .ARM.attributes
                0x00000a81       0x1e c:/program files (x86)/atmel/studio/7.0/toolchain/arm/arm-gnu-toolchain/bin/../lib/gcc/arm-none-eabi/6.3.1/thumb/v7e-m\libgcc.a(_arm_fixdfsi.o)
 .ARM.attributes
                0x00000a9f       0x1e c:/program files (x86)/atmel/studio/7.0/toolchain/arm/arm-gnu-toolchain/bin/../lib/gcc/arm-none-eabi/6.3.1/thumb/v7e-m/crtn.o

.comment        0x00000000       0x59
 .comment       0x00000000       0x59 src/ASF/sam/drivers/tc/tc.o
                                 0x5a (size before relaxing)
 .comment       0x00000059       0x5a src/ASF/sam/drivers/twi/twi.o
 .comment       0x00000059       0x5a src/ASF/sam/drivers/usart/usart.o
 .comment       0x00000059       0x5a src/ASF/common/services/delay/sam/cycle_counter.o
 .comment       0x00000059       0x5a src/ASF/sam/drivers/pio/pio_handler.o
 .comment       0x00000059       0x5a src/ASF/sam/drivers/wdt/wdt.o
 .comment       0x00000059       0x5a src/ASF/common/services/clock/sam4s/sysclk.o
 .comment       0x00000059       0x5a src/ASF/sam/drivers/pio/pio.o
 .comment       0x00000059       0x5a src/ASF/sam/drivers/pmc/pmc.o
 .comment       0x00000059       0x5a src/camera.o
 .comment       0x00000059       0x5a src/ov2640.o
 .comment       0x00000059       0x5a src/ov2640_table_registers.o
 .comment       0x00000059       0x5a src/timer_interface.o
 .comment       0x00000059       0x5a src/wifi.o
 .comment       0x00000059       0x5a src/ASF/common/boards/user_board/init.o
 .comment       0x00000059       0x5a src/ASF/sam/utils/cmsis/sam4s/source/templates/gcc/startup_sam4s.o
 .comment       0x00000059       0x5a src/ASF/sam/utils/cmsis/sam4s/source/templates/system_sam4s.o
 .comment       0x00000059       0x5a src/ASF/sam/utils/syscalls/gcc/syscalls.o
 .comment       0x00000059       0x5a src/main.o

.debug_info     0x00000000    0x17210
 .debug_info    0x00000000     0x1252 src/ASF/sam/drivers/tc/tc.o
 .debug_info    0x00001252     0x137a src/ASF/sam/drivers/twi/twi.o
 .debug_info    0x000025cc     0x1e90 src/ASF/sam/drivers/usart/usart.o
 .debug_info    0x0000445c      0xa45 src/ASF/common/services/delay/sam/cycle_counter.o
 .debug_info    0x00004ea1     0x17de src/ASF/sam/drivers/pio/pio_handler.o
 .debug_info    0x0000667f      0xbe3 src/ASF/sam/drivers/wdt/wdt.o
 .debug_info    0x00007262     0x1195 src/ASF/common/services/clock/sam4s/sysclk.o
 .debug_info    0x000083f7     0x1d8d src/ASF/sam/drivers/pio/pio.o
 .debug_info    0x0000a184     0x19b0 src/ASF/sam/drivers/pmc/pmc.o
 .debug_info    0x0000bb34     0x1f72 src/camera.o
 .debug_info    0x0000daa6     0x1b08 src/ov2640.o
 .debug_info    0x0000f5ae      0xc72 src/ov2640_table_registers.o
 .debug_info    0x00010220     0x10b3 src/timer_interface.o
 .debug_info    0x000112d3     0x1b28 src/wifi.o
 .debug_info    0x00012dfb     0x1501 src/ASF/common/boards/user_board/init.o
 .debug_info    0x000142fc      0x6d0 src/ASF/sam/utils/cmsis/sam4s/source/templates/gcc/startup_sam4s.o
 .debug_info    0x000149cc      0x45c src/ASF/sam/utils/cmsis/sam4s/source/templates/system_sam4s.o
 .debug_info    0x00014e28      0xdbc src/ASF/sam/utils/syscalls/gcc/syscalls.o
 .debug_info    0x00015be4     0x162c src/main.o

.debug_abbrev   0x00000000     0x2f90
 .debug_abbrev  0x00000000      0x24a src/ASF/sam/drivers/tc/tc.o
 .debug_abbrev  0x0000024a      0x28f src/ASF/sam/drivers/twi/twi.o
 .debug_abbrev  0x000004d9      0x2c1 src/ASF/sam/drivers/usart/usart.o
 .debug_abbrev  0x0000079a      0x1b3 src/ASF/common/services/delay/sam/cycle_counter.o
 .debug_abbrev  0x0000094d      0x2e7 src/ASF/sam/drivers/pio/pio_handler.o
 .debug_abbrev  0x00000c34      0x207 src/ASF/sam/drivers/wdt/wdt.o
 .debug_abbrev  0x00000e3b      0x27b src/ASF/common/services/clock/sam4s/sysclk.o
 .debug_abbrev  0x000010b6      0x296 src/ASF/sam/drivers/pio/pio.o
 .debug_abbrev  0x0000134c      0x2b8 src/ASF/sam/drivers/pmc/pmc.o
 .debug_abbrev  0x00001604      0x35c src/camera.o
 .debug_abbrev  0x00001960      0x333 src/ov2640.o
 .debug_abbrev  0x00001c93      0x1b4 src/ov2640_table_registers.o
 .debug_abbrev  0x00001e47      0x298 src/timer_interface.o
 .debug_abbrev  0x000020df      0x321 src/wifi.o
 .debug_abbrev  0x00002400      0x37a src/ASF/common/boards/user_board/init.o
 .debug_abbrev  0x0000277a      0x15e src/ASF/sam/utils/cmsis/sam4s/source/templates/gcc/startup_sam4s.o
 .debug_abbrev  0x000028d8      0x102 src/ASF/sam/utils/cmsis/sam4s/source/templates/system_sam4s.o
 .debug_abbrev  0x000029da      0x22a src/ASF/sam/utils/syscalls/gcc/syscalls.o
 .debug_abbrev  0x00002c04      0x38c src/main.o

.debug_loc      0x00000000     0x6fa2
 .debug_loc     0x00000000      0x844 src/ASF/sam/drivers/tc/tc.o
 .debug_loc     0x00000844      0x7ac src/ASF/sam/drivers/twi/twi.o
 .debug_loc     0x00000ff0     0x17d4 src/ASF/sam/drivers/usart/usart.o
 .debug_loc     0x000027c4      0x364 src/ASF/sam/drivers/pio/pio_handler.o
 .debug_loc     0x00002b28      0x228 src/ASF/sam/drivers/wdt/wdt.o
 .debug_loc     0x00002d50      0x424 src/ASF/common/services/clock/sam4s/sysclk.o
 .debug_loc     0x00003174     0x1174 src/ASF/sam/drivers/pio/pio.o
 .debug_loc     0x000042e8     0x1468 src/ASF/sam/drivers/pmc/pmc.o
 .debug_loc     0x00005750      0x494 src/camera.o
 .debug_loc     0x00005be4      0x5c4 src/ov2640.o
 .debug_loc     0x000061a8      0x1b0 src/timer_interface.o
 .debug_loc     0x00006358      0x4a2 src/wifi.o
 .debug_loc     0x000067fa      0x1bc src/ASF/common/boards/user_board/init.o
 .debug_loc     0x000069b6       0x64 src/ASF/sam/utils/cmsis/sam4s/source/templates/gcc/startup_sam4s.o
 .debug_loc     0x00006a1a       0xe4 src/ASF/sam/utils/cmsis/sam4s/source/templates/system_sam4s.o
 .debug_loc     0x00006afe      0x300 src/ASF/sam/utils/syscalls/gcc/syscalls.o
 .debug_loc     0x00006dfe      0x1a4 src/main.o

.debug_aranges  0x00000000      0xc68
 .debug_aranges
                0x00000000       0xd0 src/ASF/sam/drivers/tc/tc.o
 .debug_aranges
                0x000000d0       0xc8 src/ASF/sam/drivers/twi/twi.o
 .debug_aranges
                0x00000198      0x238 src/ASF/sam/drivers/usart/usart.o
 .debug_aranges
                0x000003d0       0x20 src/ASF/common/services/delay/sam/cycle_counter.o
 .debug_aranges
                0x000003f0       0x70 src/ASF/sam/drivers/pio/pio_handler.o
 .debug_aranges
                0x00000460       0x48 src/ASF/sam/drivers/wdt/wdt.o
 .debug_aranges
                0x000004a8       0x88 src/ASF/common/services/clock/sam4s/sysclk.o
 .debug_aranges
                0x00000530      0x1a8 src/ASF/sam/drivers/pio/pio.o
 .debug_aranges
                0x000006d8      0x208 src/ASF/sam/drivers/pmc/pmc.o
 .debug_aranges
                0x000008e0       0x98 src/camera.o
 .debug_aranges
                0x00000978       0xb0 src/ov2640.o
 .debug_aranges
                0x00000a28       0x18 src/ov2640_table_registers.o
 .debug_aranges
                0x00000a40       0x48 src/timer_interface.o
 .debug_aranges
                0x00000a88       0x98 src/wifi.o
 .debug_aranges
                0x00000b20       0x48 src/ASF/common/boards/user_board/init.o
 .debug_aranges
                0x00000b68       0x28 src/ASF/sam/utils/cmsis/sam4s/source/templates/gcc/startup_sam4s.o
 .debug_aranges
                0x00000b90       0x30 src/ASF/sam/utils/cmsis/sam4s/source/templates/system_sam4s.o
 .debug_aranges
                0x00000bc0       0x60 src/ASF/sam/utils/syscalls/gcc/syscalls.o
 .debug_aranges
                0x00000c20       0x48 src/main.o

.debug_ranges   0x00000000      0xb90
 .debug_ranges  0x00000000       0xc0 src/ASF/sam/drivers/tc/tc.o
 .debug_ranges  0x000000c0       0xb8 src/ASF/sam/drivers/twi/twi.o
 .debug_ranges  0x00000178      0x228 src/ASF/sam/drivers/usart/usart.o
 .debug_ranges  0x000003a0       0x10 src/ASF/common/services/delay/sam/cycle_counter.o
 .debug_ranges  0x000003b0       0x60 src/ASF/sam/drivers/pio/pio_handler.o
 .debug_ranges  0x00000410       0x38 src/ASF/sam/drivers/wdt/wdt.o
 .debug_ranges  0x00000448       0x78 src/ASF/common/services/clock/sam4s/sysclk.o
 .debug_ranges  0x000004c0      0x198 src/ASF/sam/drivers/pio/pio.o
 .debug_ranges  0x00000658      0x1f8 src/ASF/sam/drivers/pmc/pmc.o
 .debug_ranges  0x00000850       0x88 src/camera.o
 .debug_ranges  0x000008d8       0xa0 src/ov2640.o
 .debug_ranges  0x00000978       0x38 src/timer_interface.o
 .debug_ranges  0x000009b0       0x88 src/wifi.o
 .debug_ranges  0x00000a38       0x80 src/ASF/common/boards/user_board/init.o
 .debug_ranges  0x00000ab8       0x18 src/ASF/sam/utils/cmsis/sam4s/source/templates/gcc/startup_sam4s.o
 .debug_ranges  0x00000ad0       0x20 src/ASF/sam/utils/cmsis/sam4s/source/templates/system_sam4s.o
 .debug_ranges  0x00000af0       0x50 src/ASF/sam/utils/syscalls/gcc/syscalls.o
 .debug_ranges  0x00000b40       0x50 src/main.o

.debug_macro    0x00000000     0x7c84
 .debug_macro   0x00000000      0x508 src/ASF/sam/drivers/tc/tc.o
 .debug_macro   0x00000508       0x52 src/ASF/sam/drivers/tc/tc.o
 .debug_macro   0x0000055a       0x8d src/ASF/sam/drivers/tc/tc.o
 .debug_macro   0x000005e7       0x16 src/ASF/sam/drivers/tc/tc.o
 .debug_macro   0x000005fd       0x57 src/ASF/sam/drivers/tc/tc.o
 .debug_macro   0x00000654       0x1c src/ASF/sam/drivers/tc/tc.o
 .debug_macro   0x00000670      0x52c src/ASF/sam/drivers/twi/twi.o
 .debug_macro   0x00000b9c       0x46 src/ASF/sam/drivers/twi/twi.o
 .debug_macro   0x00000be2      0x538 src/ASF/sam/drivers/usart/usart.o
 .debug_macro   0x0000111a       0x28 src/ASF/sam/drivers/usart/usart.o
 .debug_macro   0x00001142      0x502 src/ASF/common/services/delay/sam/cycle_counter.o
 .debug_macro   0x00001644       0x22 src/ASF/common/services/delay/sam/cycle_counter.o
 .debug_macro   0x00001666      0x512 src/ASF/sam/drivers/pio/pio_handler.o
 .debug_macro   0x00001b78       0x8e src/ASF/sam/drivers/pio/pio_handler.o
 .debug_macro   0x00001c06      0x515 src/ASF/sam/drivers/wdt/wdt.o
 .debug_macro   0x0000211b      0x56d src/ASF/common/services/clock/sam4s/sysclk.o
 .debug_macro   0x00002688      0x2d2 src/ASF/common/services/clock/sam4s/sysclk.o
 .debug_macro   0x0000295a      0x508 src/ASF/sam/drivers/pio/pio.o
 .debug_macro   0x00002e62      0x508 src/ASF/sam/drivers/pmc/pmc.o
 .debug_macro   0x0000336a       0x52 src/ASF/sam/drivers/pmc/pmc.o
 .debug_macro   0x000033bc      0x68f src/camera.o
 .debug_macro   0x00003a4b       0x28 src/camera.o
 .debug_macro   0x00003a73       0x22 src/camera.o
 .debug_macro   0x00003a95       0x94 src/camera.o
 .debug_macro   0x00003b29       0x40 src/camera.o
 .debug_macro   0x00003b69       0x88 src/camera.o
 .debug_macro   0x00003bf1       0x4c src/camera.o
 .debug_macro   0x00003c3d       0x10 src/camera.o
 .debug_macro   0x00003c4d       0x16 src/camera.o
 .debug_macro   0x00003c63       0x10 src/camera.o
 .debug_macro   0x00003c73      0x160 src/camera.o
 .debug_macro   0x00003dd3      0x401 src/camera.o
 .debug_macro   0x000041d4      0x5ca src/ov2640.o
 .debug_macro   0x0000479e      0x3fb src/ov2640.o
 .debug_macro   0x00004b99       0x16 src/ov2640.o
 .debug_macro   0x00004baf      0x5a6 src/ov2640_table_registers.o
 .debug_macro   0x00005155      0x6aa src/timer_interface.o
 .debug_macro   0x000057ff      0x6be src/wifi.o
 .debug_macro   0x00005ebd       0xa0 src/wifi.o
 .debug_macro   0x00005f5d      0x166 src/wifi.o
 .debug_macro   0x000060c3       0x10 src/wifi.o
 .debug_macro   0x000060d3      0x675 src/ASF/common/boards/user_board/init.o
 .debug_macro   0x00006748      0x2f4 src/ASF/sam/utils/cmsis/sam4s/source/templates/gcc/startup_sam4s.o
 .debug_macro   0x00006a3c      0x2fc src/ASF/sam/utils/cmsis/sam4s/source/templates/system_sam4s.o
 .debug_macro   0x00006d38      0x1d6 src/ASF/sam/utils/syscalls/gcc/syscalls.o
 .debug_macro   0x00006f0e       0x97 src/ASF/sam/utils/syscalls/gcc/syscalls.o
 .debug_macro   0x00006fa5      0x353 src/ASF/sam/utils/syscalls/gcc/syscalls.o
 .debug_macro   0x000072f8       0xf6 src/ASF/sam/utils/syscalls/gcc/syscalls.o
 .debug_macro   0x000073ee       0x4c src/ASF/sam/utils/syscalls/gcc/syscalls.o
 .debug_macro   0x0000743a       0x16 src/ASF/sam/utils/syscalls/gcc/syscalls.o
 .debug_macro   0x00007450       0x10 src/ASF/sam/utils/syscalls/gcc/syscalls.o
 .debug_macro   0x00007460       0x10 src/ASF/sam/utils/syscalls/gcc/syscalls.o
 .debug_macro   0x00007470       0x35 src/ASF/sam/utils/syscalls/gcc/syscalls.o
 .debug_macro   0x000074a5      0x122 src/ASF/sam/utils/syscalls/gcc/syscalls.o
 .debug_macro   0x000075c7      0x6bd src/main.o

.debug_line     0x00000000     0xf331
 .debug_line    0x00000000      0xbde src/ASF/sam/drivers/tc/tc.o
 .debug_line    0x00000bde      0xc8a src/ASF/sam/drivers/twi/twi.o
 .debug_line    0x00001868     0x100f src/ASF/sam/drivers/usart/usart.o
 .debug_line    0x00002877      0xa3f src/ASF/common/services/delay/sam/cycle_counter.o
 .debug_line    0x000032b6      0xb51 src/ASF/sam/drivers/pio/pio_handler.o
 .debug_line    0x00003e07      0xa8c src/ASF/sam/drivers/wdt/wdt.o
 .debug_line    0x00004893      0xc89 src/ASF/common/services/clock/sam4s/sysclk.o
 .debug_line    0x0000551c      0xe58 src/ASF/sam/drivers/pio/pio.o
 .debug_line    0x00006374     0x1033 src/ASF/sam/drivers/pmc/pmc.o
 .debug_line    0x000073a7     0x108e src/camera.o
 .debug_line    0x00008435      0xec6 src/ov2640.o
 .debug_line    0x000092fb      0xbed src/ov2640_table_registers.o
 .debug_line    0x00009ee8      0xf71 src/timer_interface.o
 .debug_line    0x0000ae59     0x10a3 src/wifi.o
 .debug_line    0x0000befc      0xfac src/ASF/common/boards/user_board/init.o
 .debug_line    0x0000cea8      0x820 src/ASF/sam/utils/cmsis/sam4s/source/templates/gcc/startup_sam4s.o
 .debug_line    0x0000d6c8      0x868 src/ASF/sam/utils/cmsis/sam4s/source/templates/system_sam4s.o
 .debug_line    0x0000df30      0x417 src/ASF/sam/utils/syscalls/gcc/syscalls.o
 .debug_line    0x0000e347      0xfea src/main.o

.debug_str      0x00000000    0x51f74
 .debug_str     0x00000000    0x4a528 src/ASF/sam/drivers/tc/tc.o
                              0x4a8ef (size before relaxing)
 .debug_str     0x0004a528      0x528 src/ASF/sam/drivers/twi/twi.o
                              0x4aacf (size before relaxing)
 .debug_str     0x0004aa50      0x96c src/ASF/sam/drivers/usart/usart.o
                              0x4af89 (size before relaxing)
 .debug_str     0x0004b3bc      0x1a9 src/ASF/common/services/delay/sam/cycle_counter.o
                              0x4a704 (size before relaxing)
 .debug_str     0x0004b565      0xa2e src/ASF/sam/drivers/pio/pio_handler.o
                              0x4b0a8 (size before relaxing)
 .debug_str     0x0004bf93      0x135 src/ASF/sam/drivers/wdt/wdt.o
                              0x4a68b (size before relaxing)
 .debug_str     0x0004c0c8     0x16e3 src/ASF/common/services/clock/sam4s/sysclk.o
                              0x4bcce (size before relaxing)
 .debug_str     0x0004d7ab      0x498 src/ASF/sam/drivers/pio/pio.o
                              0x4b1a4 (size before relaxing)
 .debug_str     0x0004dc43      0x5b7 src/ASF/sam/drivers/pmc/pmc.o
                              0x4aff0 (size before relaxing)
 .debug_str     0x0004e1fa     0x2738 src/camera.o
                              0x4f080 (size before relaxing)
 .debug_str     0x00050932      0x1d3 src/ov2640.o
                              0x4de57 (size before relaxing)
 .debug_str     0x00050b05       0x20 src/ov2640_table_registers.o
                              0x4d60c (size before relaxing)
 .debug_str     0x00050b25       0x5f src/timer_interface.o
                              0x4cc75 (size before relaxing)
 .debug_str     0x00050b84      0x5db src/wifi.o
                              0x4dd54 (size before relaxing)
 .debug_str     0x0005115f      0x191 src/ASF/common/boards/user_board/init.o
                              0x4ccd0 (size before relaxing)
 .debug_str     0x000512f0      0x428 src/ASF/sam/utils/cmsis/sam4s/source/templates/gcc/startup_sam4s.o
                              0x3a216 (size before relaxing)
 .debug_str     0x00051718       0xb9 src/ASF/sam/utils/cmsis/sam4s/source/templates/system_sam4s.o
                              0x39fbb (size before relaxing)
 .debug_str     0x000517d1      0x77b src/ASF/sam/utils/syscalls/gcc/syscalls.o
                               0x741b (size before relaxing)
 .debug_str     0x00051f4c       0x28 src/main.o
                              0x4d8e6 (size before relaxing)

.debug_frame    0x00000000     0x40c4
 .debug_frame   0x00000000      0x3a8 src/ASF/sam/drivers/tc/tc.o
 .debug_frame   0x000003a8      0x36c src/ASF/sam/drivers/twi/twi.o
 .debug_frame   0x00000714      0xa7c src/ASF/sam/drivers/usart/usart.o
 .debug_frame   0x00001190       0x20 src/ASF/common/services/delay/sam/cycle_counter.o
 .debug_frame   0x000011b0      0x1a4 src/ASF/sam/drivers/pio/pio_handler.o
 .debug_frame   0x00001354      0x100 src/ASF/sam/drivers/wdt/wdt.o
 .debug_frame   0x00001454      0x200 src/ASF/common/services/clock/sam4s/sysclk.o
 .debug_frame   0x00001654      0x7c0 src/ASF/sam/drivers/pio/pio.o
 .debug_frame   0x00001e14      0x920 src/ASF/sam/drivers/pmc/pmc.o
 .debug_frame   0x00002734      0x254 src/camera.o
 .debug_frame   0x00002988      0x2c0 src/ov2640.o
 .debug_frame   0x00002c48       0xe4 src/timer_interface.o
 .debug_frame   0x00002d2c      0x254 src/wifi.o
 .debug_frame   0x00002f80       0xe4 src/ASF/common/boards/user_board/init.o
 .debug_frame   0x00003064       0x48 src/ASF/sam/utils/cmsis/sam4s/source/templates/gcc/startup_sam4s.o
 .debug_frame   0x000030ac       0x78 src/ASF/sam/utils/cmsis/sam4s/source/templates/system_sam4s.o
 .debug_frame   0x00003124      0x164 src/ASF/sam/utils/syscalls/gcc/syscalls.o
 .debug_frame   0x00003288       0xec src/main.o
 .debug_frame   0x00003374       0x2c c:/program files (x86)/atmel/studio/7.0/toolchain/arm/arm-gnu-toolchain/bin/../lib/gcc/arm-none-eabi/6.3.1/thumb/v7e-m\libgcc.a(_aeabi_uldivmod.o)
 .debug_frame   0x000033a0       0x34 c:/program files (x86)/atmel/studio/7.0/toolchain/arm/arm-gnu-toolchain/bin/../lib/gcc/arm-none-eabi/6.3.1/thumb/v7e-m\libgcc.a(_udivmoddi4.o)
 .debug_frame   0x000033d4       0x2c c:/program files (x86)/atmel/studio/7.0/toolchain/arm/arm-gnu-toolchain/bin/../lib/gcc/arm-none-eabi/6.3.1/../../../../arm-none-eabi/lib/thumb/v7e-m\libc.a(lib_a-init.o)
 .debug_frame   0x00003400       0x34 c:/program files (x86)/atmel/studio/7.0/toolchain/arm/arm-gnu-toolchain/bin/../lib/gcc/arm-none-eabi/6.3.1/../../../../arm-none-eabi/lib/thumb/v7e-m\libc.a(lib_a-memset.o)
 .debug_frame   0x00003434       0x84 c:/program files (x86)/atmel/studio/7.0/toolchain/arm/arm-gnu-toolchain/bin/../lib/gcc/arm-none-eabi/6.3.1/../../../../arm-none-eabi/lib/thumb/v7e-m\libc.a(lib_a-sprintf.o)
 .debug_frame   0x000034b8       0xd8 c:/program files (x86)/atmel/studio/7.0/toolchain/arm/arm-gnu-toolchain/bin/../lib/gcc/arm-none-eabi/6.3.1/../../../../arm-none-eabi/lib/thumb/v7e-m\libc.a(lib_a-strstr.o)
 .debug_frame   0x00003590       0x40 c:/program files (x86)/atmel/studio/7.0/toolchain/arm/arm-gnu-toolchain/bin/../lib/gcc/arm-none-eabi/6.3.1/../../../../arm-none-eabi/lib/thumb/v7e-m\libc.a(lib_a-svfprintf.o)
 .debug_frame   0x000035d0       0x5c c:/program files (x86)/atmel/studio/7.0/toolchain/arm/arm-gnu-toolchain/bin/../lib/gcc/arm-none-eabi/6.3.1/../../../../arm-none-eabi/lib/thumb/v7e-m\libc.a(lib_a-__call_atexit.o)
 .debug_frame   0x0000362c       0x20 c:/program files (x86)/atmel/studio/7.0/toolchain/arm/arm-gnu-toolchain/bin/../lib/gcc/arm-none-eabi/6.3.1/../../../../arm-none-eabi/lib/thumb/v7e-m\libc.a(lib_a-atexit.o)
 .debug_frame   0x0000364c       0x88 c:/program files (x86)/atmel/studio/7.0/toolchain/arm/arm-gnu-toolchain/bin/../lib/gcc/arm-none-eabi/6.3.1/../../../../arm-none-eabi/lib/thumb/v7e-m\libc.a(lib_a-dtoa.o)
 .debug_frame   0x000036d4       0x34 c:/program files (x86)/atmel/studio/7.0/toolchain/arm/arm-gnu-toolchain/bin/../lib/gcc/arm-none-eabi/6.3.1/../../../../arm-none-eabi/lib/thumb/v7e-m\libc.a(lib_a-fini.o)
 .debug_frame   0x00003708       0x40 c:/program files (x86)/atmel/studio/7.0/toolchain/arm/arm-gnu-toolchain/bin/../lib/gcc/arm-none-eabi/6.3.1/../../../../arm-none-eabi/lib/thumb/v7e-m\libc.a(lib_a-localeconv.o)
 .debug_frame   0x00003748       0xb0 c:/program files (x86)/atmel/studio/7.0/toolchain/arm/arm-gnu-toolchain/bin/../lib/gcc/arm-none-eabi/6.3.1/../../../../arm-none-eabi/lib/thumb/v7e-m\libc.a(lib_a-lock.o)
 .debug_frame   0x000037f8       0x58 c:/program files (x86)/atmel/studio/7.0/toolchain/arm/arm-gnu-toolchain/bin/../lib/gcc/arm-none-eabi/6.3.1/../../../../arm-none-eabi/lib/thumb/v7e-m\libc.a(lib_a-mallocr.o)
 .debug_frame   0x00003850       0x3c c:/program files (x86)/atmel/studio/7.0/toolchain/arm/arm-gnu-toolchain/bin/../lib/gcc/arm-none-eabi/6.3.1/../../../../arm-none-eabi/lib/thumb/v7e-m\libc.a(lib_a-memcmp.o)
 .debug_frame   0x0000388c       0x30 c:/program files (x86)/atmel/studio/7.0/toolchain/arm/arm-gnu-toolchain/bin/../lib/gcc/arm-none-eabi/6.3.1/../../../../arm-none-eabi/lib/thumb/v7e-m\libc.a(lib_a-mlock.o)
 .debug_frame   0x000038bc      0x25c c:/program files (x86)/atmel/studio/7.0/toolchain/arm/arm-gnu-toolchain/bin/../lib/gcc/arm-none-eabi/6.3.1/../../../../arm-none-eabi/lib/thumb/v7e-m\libc.a(lib_a-mprec.o)
 .debug_frame   0x00003b18       0x2c c:/program files (x86)/atmel/studio/7.0/toolchain/arm/arm-gnu-toolchain/bin/../lib/gcc/arm-none-eabi/6.3.1/../../../../arm-none-eabi/lib/thumb/v7e-m\libc.a(lib_a-sbrkr.o)
 .debug_frame   0x00003b44       0x50 c:/program files (x86)/atmel/studio/7.0/toolchain/arm/arm-gnu-toolchain/bin/../lib/gcc/arm-none-eabi/6.3.1/../../../../arm-none-eabi/lib/thumb/v7e-m\libc.a(lib_a-strchr.o)
 .debug_frame   0x00003b94       0x78 c:/program files (x86)/atmel/studio/7.0/toolchain/arm/arm-gnu-toolchain/bin/../lib/gcc/arm-none-eabi/6.3.1/../../../../arm-none-eabi/lib/thumb/v7e-m\libc.a(lib_a-svfiprintf.o)
 .debug_frame   0x00003c0c       0x34 c:/program files (x86)/atmel/studio/7.0/toolchain/arm/arm-gnu-toolchain/bin/../lib/gcc/arm-none-eabi/6.3.1/../../../../arm-none-eabi/lib/thumb/v7e-m\libc.a(lib_a-__atexit.o)
 .debug_frame   0x00003c40       0x28 c:/program files (x86)/atmel/studio/7.0/toolchain/arm/arm-gnu-toolchain/bin/../lib/gcc/arm-none-eabi/6.3.1/../../../../arm-none-eabi/lib/thumb/v7e-m\libc.a(lib_a-callocr.o)
 .debug_frame   0x00003c68       0x74 c:/program files (x86)/atmel/studio/7.0/toolchain/arm/arm-gnu-toolchain/bin/../lib/gcc/arm-none-eabi/6.3.1/../../../../arm-none-eabi/lib/thumb/v7e-m\libc.a(lib_a-freer.o)
 .debug_frame   0x00003cdc       0x6c c:/program files (x86)/atmel/studio/7.0/toolchain/arm/arm-gnu-toolchain/bin/../lib/gcc/arm-none-eabi/6.3.1/../../../../arm-none-eabi/lib/thumb/v7e-m\libc.a(lib_a-locale.o)
 .debug_frame   0x00003d48       0x4c c:/program files (x86)/atmel/studio/7.0/toolchain/arm/arm-gnu-toolchain/bin/../lib/gcc/arm-none-eabi/6.3.1/../../../../arm-none-eabi/lib/thumb/v7e-m\libc.a(lib_a-mbtowc_r.o)
 .debug_frame   0x00003d94       0x30 c:/program files (x86)/atmel/studio/7.0/toolchain/arm/arm-gnu-toolchain/bin/../lib/gcc/arm-none-eabi/6.3.1/../../../../arm-none-eabi/lib/thumb/v7e-m\libc.a(lib_a-memmove.o)
 .debug_frame   0x00003dc4       0x68 c:/program files (x86)/atmel/studio/7.0/toolchain/arm/arm-gnu-toolchain/bin/../lib/gcc/arm-none-eabi/6.3.1/../../../../arm-none-eabi/lib/thumb/v7e-m\libc.a(lib_a-reallocr.o)
 .debug_frame   0x00003e2c       0x58 c:/program files (x86)/atmel/studio/7.0/toolchain/arm/arm-gnu-toolchain/bin/../lib/gcc/arm-none-eabi/6.3.1/../../../../arm-none-eabi/lib/thumb/v7e-m\libc.a(lib_a-reent.o)
 .debug_frame   0x00003e84       0x3c c:/program files (x86)/atmel/studio/7.0/toolchain/arm/arm-gnu-toolchain/bin/../lib/gcc/arm-none-eabi/6.3.1/../../../../arm-none-eabi/lib/thumb/v7e-m\libc.a(lib_a-wctomb_r.o)
 .debug_frame   0x00003ec0       0xac c:/program files (x86)/atmel/studio/7.0/toolchain/arm/arm-gnu-toolchain/bin/../lib/gcc/arm-none-eabi/6.3.1/thumb/v7e-m\libgcc.a(_arm_addsubdf3.o)
 .debug_frame   0x00003f6c       0x50 c:/program files (x86)/atmel/studio/7.0/toolchain/arm/arm-gnu-toolchain/bin/../lib/gcc/arm-none-eabi/6.3.1/thumb/v7e-m\libgcc.a(_arm_muldivdf3.o)
 .debug_frame   0x00003fbc       0xc4 c:/program files (x86)/atmel/studio/7.0/toolchain/arm/arm-gnu-toolchain/bin/../lib/gcc/arm-none-eabi/6.3.1/thumb/v7e-m\libgcc.a(_arm_cmpdf2.o)
 .debug_frame   0x00004080       0x20 c:/program files (x86)/atmel/studio/7.0/toolchain/arm/arm-gnu-toolchain/bin/../lib/gcc/arm-none-eabi/6.3.1/thumb/v7e-m\libgcc.a(_arm_unorddf2.o)
 .debug_frame   0x000040a0       0x24 c:/program files (x86)/atmel/studio/7.0/toolchain/arm/arm-gnu-toolchain/bin/../lib/gcc/arm-none-eabi/6.3.1/thumb/v7e-m\libgcc.a(_arm_fixdfsi.o)

Cross Reference Table

Symbol                                            File
ACC_Handler                                       src/ASF/sam/utils/cmsis/sam4s/source/templates/gcc/startup_sam4s.o
ADC_Handler                                       src/ASF/sam/utils/cmsis/sam4s/source/templates/gcc/startup_sam4s.o
BusFault_Handler                                  src/ASF/sam/utils/cmsis/sam4s/source/templates/gcc/startup_sam4s.o
CRCCU_Handler                                     src/ASF/sam/utils/cmsis/sam4s/source/templates/gcc/startup_sam4s.o